

================================================================
== Vitis HLS Report for 'dft_Pipeline_VITIS_LOOP_18_1'
================================================================
* Date:           Fri Oct 21 17:39:01 2022

* Version:        2022.1 (Build 3526262 on Mon Apr 18 15:48:16 MDT 2022)
* Project:        dft_256_v2
* Solution:       only_partition (Vivado IP Flow Target)
* Product family: zynq
* Target device:  xc7z020-clg484-1


================================================================
== Performance Estimates
================================================================
+ Timing: 
    * Summary: 
    +--------+----------+----------+------------+
    |  Clock |  Target  | Estimated| Uncertainty|
    +--------+----------+----------+------------+
    |ap_clk  |  10.00 ns|  4.774 ns|     2.70 ns|
    +--------+----------+----------+------------+

+ Latency: 
    * Summary: 
    +---------+---------+----------+----------+-----+-----+---------+
    |  Latency (cycles) |  Latency (absolute) |  Interval | Pipeline|
    |   min   |   max   |    min   |    max   | min | max |   Type  |
    +---------+---------+----------+----------+-----+-----+---------+
    |      258|      258|  2.580 us|  2.580 us|  258|  258|       no|
    +---------+---------+----------+----------+-----+-----+---------+

    + Detail: 
        * Instance: 
        N/A

        * Loop: 
        +-------------------+---------+---------+----------+-----------+-----------+------+----------+
        |                   |  Latency (cycles) | Iteration|  Initiation Interval  | Trip |          |
        |     Loop Name     |   min   |   max   |  Latency |  achieved |   target  | Count| Pipelined|
        +-------------------+---------+---------+----------+-----------+-----------+------+----------+
        |- VITIS_LOOP_18_1  |      256|      256|         1|          1|          1|   256|       yes|
        +-------------------+---------+---------+----------+-----------+-----------+------+----------+



================================================================
== Utilization Estimates
================================================================
* Summary: 
+-----------------+---------+-----+--------+-------+-----+
|       Name      | BRAM_18K| DSP |   FF   |  LUT  | URAM|
+-----------------+---------+-----+--------+-------+-----+
|DSP              |        -|    -|       -|      -|    -|
|Expression       |        -|    -|       0|     25|    -|
|FIFO             |        -|    -|       -|      -|    -|
|Instance         |        -|    -|       0|   1362|    -|
|Memory           |        -|    -|       -|      -|    -|
|Multiplexer      |        -|    -|       -|     27|    -|
|Register         |        -|    -|    8203|      -|    -|
+-----------------+---------+-----+--------+-------+-----+
|Total            |        0|    0|    8203|   1414|    0|
+-----------------+---------+-----+--------+-------+-----+
|Available        |      280|  220|  106400|  53200|    0|
+-----------------+---------+-----+--------+-------+-----+
|Utilization (%)  |        0|    0|       7|      2|    0|
+-----------------+---------+-----+--------+-------+-----+

+ Detail: 
    * Instance: 
    +--------------------+-----------------+---------+----+---+------+-----+
    |      Instance      |      Module     | BRAM_18K| DSP| FF|  LUT | URAM|
    +--------------------+-----------------+---------+----+---+------+-----+
    |mux_2569_32_1_1_U1  |mux_2569_32_1_1  |        0|   0|  0|  1362|    0|
    +--------------------+-----------------+---------+----+---+------+-----+
    |Total               |                 |        0|   0|  0|  1362|    0|
    +--------------------+-----------------+---------+----+---+------+-----+

    * DSP: 
    N/A

    * Memory: 
    N/A

    * FIFO: 
    N/A

    * Expression: 
    +----------------------+----------+----+---+----+------------+------------+
    |     Variable Name    | Operation| DSP| FF| LUT| Bitwidth P0| Bitwidth P1|
    +----------------------+----------+----+---+----+------------+------------+
    |add_ln18_fu_5934_p2   |         +|   0|  0|  14|           9|           1|
    |icmp_ln18_fu_5928_p2  |      icmp|   0|  0|  11|           9|          10|
    +----------------------+----------+----+---+----+------------+------------+
    |Total                 |          |   0|  0|  25|          18|          11|
    +----------------------+----------+----+---+----+------------+------------+

    * Multiplexer: 
    +----------------------+----+-----------+-----+-----------+
    |         Name         | LUT| Input Size| Bits| Total Bits|
    +----------------------+----+-----------+-----+-----------+
    |ap_done_int           |   9|          2|    1|          2|
    |ap_sig_allocacmp_n_2  |   9|          2|    9|         18|
    |n_fu_1564             |   9|          2|    9|         18|
    +----------------------+----+-----------+-----+-----------+
    |Total                 |  27|          6|   19|         38|
    +----------------------+----+-----------+-----+-----------+

    * Register: 
    +------------------+----+----+-----+-----------+
    |       Name       | FF | LUT| Bits| Const Bits|
    +------------------+----+----+-----+-----------+
    |ap_CS_fsm         |   1|   0|    1|          0|
    |ap_done_reg       |   1|   0|    1|          0|
    |n_fu_1564         |   9|   0|    9|          0|
    |temp_100_fu_1968  |  32|   0|   32|          0|
    |temp_101_fu_1972  |  32|   0|   32|          0|
    |temp_102_fu_1976  |  32|   0|   32|          0|
    |temp_103_fu_1980  |  32|   0|   32|          0|
    |temp_104_fu_1984  |  32|   0|   32|          0|
    |temp_105_fu_1988  |  32|   0|   32|          0|
    |temp_106_fu_1992  |  32|   0|   32|          0|
    |temp_107_fu_1996  |  32|   0|   32|          0|
    |temp_108_fu_2000  |  32|   0|   32|          0|
    |temp_109_fu_2004  |  32|   0|   32|          0|
    |temp_10_fu_1608   |  32|   0|   32|          0|
    |temp_110_fu_2008  |  32|   0|   32|          0|
    |temp_111_fu_2012  |  32|   0|   32|          0|
    |temp_112_fu_2016  |  32|   0|   32|          0|
    |temp_113_fu_2020  |  32|   0|   32|          0|
    |temp_114_fu_2024  |  32|   0|   32|          0|
    |temp_115_fu_2028  |  32|   0|   32|          0|
    |temp_116_fu_2032  |  32|   0|   32|          0|
    |temp_117_fu_2036  |  32|   0|   32|          0|
    |temp_118_fu_2040  |  32|   0|   32|          0|
    |temp_119_fu_2044  |  32|   0|   32|          0|
    |temp_11_fu_1612   |  32|   0|   32|          0|
    |temp_120_fu_2048  |  32|   0|   32|          0|
    |temp_121_fu_2052  |  32|   0|   32|          0|
    |temp_122_fu_2056  |  32|   0|   32|          0|
    |temp_123_fu_2060  |  32|   0|   32|          0|
    |temp_124_fu_2064  |  32|   0|   32|          0|
    |temp_125_fu_2068  |  32|   0|   32|          0|
    |temp_126_fu_2072  |  32|   0|   32|          0|
    |temp_127_fu_2076  |  32|   0|   32|          0|
    |temp_128_fu_2080  |  32|   0|   32|          0|
    |temp_129_fu_2084  |  32|   0|   32|          0|
    |temp_12_fu_1616   |  32|   0|   32|          0|
    |temp_130_fu_2088  |  32|   0|   32|          0|
    |temp_131_fu_2092  |  32|   0|   32|          0|
    |temp_132_fu_2096  |  32|   0|   32|          0|
    |temp_133_fu_2100  |  32|   0|   32|          0|
    |temp_134_fu_2104  |  32|   0|   32|          0|
    |temp_135_fu_2108  |  32|   0|   32|          0|
    |temp_136_fu_2112  |  32|   0|   32|          0|
    |temp_137_fu_2116  |  32|   0|   32|          0|
    |temp_138_fu_2120  |  32|   0|   32|          0|
    |temp_139_fu_2124  |  32|   0|   32|          0|
    |temp_13_fu_1620   |  32|   0|   32|          0|
    |temp_140_fu_2128  |  32|   0|   32|          0|
    |temp_141_fu_2132  |  32|   0|   32|          0|
    |temp_142_fu_2136  |  32|   0|   32|          0|
    |temp_143_fu_2140  |  32|   0|   32|          0|
    |temp_144_fu_2144  |  32|   0|   32|          0|
    |temp_145_fu_2148  |  32|   0|   32|          0|
    |temp_146_fu_2152  |  32|   0|   32|          0|
    |temp_147_fu_2156  |  32|   0|   32|          0|
    |temp_148_fu_2160  |  32|   0|   32|          0|
    |temp_149_fu_2164  |  32|   0|   32|          0|
    |temp_14_fu_1624   |  32|   0|   32|          0|
    |temp_150_fu_2168  |  32|   0|   32|          0|
    |temp_151_fu_2172  |  32|   0|   32|          0|
    |temp_152_fu_2176  |  32|   0|   32|          0|
    |temp_153_fu_2180  |  32|   0|   32|          0|
    |temp_154_fu_2184  |  32|   0|   32|          0|
    |temp_155_fu_2188  |  32|   0|   32|          0|
    |temp_156_fu_2192  |  32|   0|   32|          0|
    |temp_157_fu_2196  |  32|   0|   32|          0|
    |temp_158_fu_2200  |  32|   0|   32|          0|
    |temp_159_fu_2204  |  32|   0|   32|          0|
    |temp_15_fu_1628   |  32|   0|   32|          0|
    |temp_160_fu_2208  |  32|   0|   32|          0|
    |temp_161_fu_2212  |  32|   0|   32|          0|
    |temp_162_fu_2216  |  32|   0|   32|          0|
    |temp_163_fu_2220  |  32|   0|   32|          0|
    |temp_164_fu_2224  |  32|   0|   32|          0|
    |temp_165_fu_2228  |  32|   0|   32|          0|
    |temp_166_fu_2232  |  32|   0|   32|          0|
    |temp_167_fu_2236  |  32|   0|   32|          0|
    |temp_168_fu_2240  |  32|   0|   32|          0|
    |temp_169_fu_2244  |  32|   0|   32|          0|
    |temp_16_fu_1632   |  32|   0|   32|          0|
    |temp_170_fu_2248  |  32|   0|   32|          0|
    |temp_171_fu_2252  |  32|   0|   32|          0|
    |temp_172_fu_2256  |  32|   0|   32|          0|
    |temp_173_fu_2260  |  32|   0|   32|          0|
    |temp_174_fu_2264  |  32|   0|   32|          0|
    |temp_175_fu_2268  |  32|   0|   32|          0|
    |temp_176_fu_2272  |  32|   0|   32|          0|
    |temp_177_fu_2276  |  32|   0|   32|          0|
    |temp_178_fu_2280  |  32|   0|   32|          0|
    |temp_179_fu_2284  |  32|   0|   32|          0|
    |temp_17_fu_1636   |  32|   0|   32|          0|
    |temp_180_fu_2288  |  32|   0|   32|          0|
    |temp_181_fu_2292  |  32|   0|   32|          0|
    |temp_182_fu_2296  |  32|   0|   32|          0|
    |temp_183_fu_2300  |  32|   0|   32|          0|
    |temp_184_fu_2304  |  32|   0|   32|          0|
    |temp_185_fu_2308  |  32|   0|   32|          0|
    |temp_186_fu_2312  |  32|   0|   32|          0|
    |temp_187_fu_2316  |  32|   0|   32|          0|
    |temp_188_fu_2320  |  32|   0|   32|          0|
    |temp_189_fu_2324  |  32|   0|   32|          0|
    |temp_18_fu_1640   |  32|   0|   32|          0|
    |temp_190_fu_2328  |  32|   0|   32|          0|
    |temp_191_fu_2332  |  32|   0|   32|          0|
    |temp_192_fu_2336  |  32|   0|   32|          0|
    |temp_193_fu_2340  |  32|   0|   32|          0|
    |temp_194_fu_2344  |  32|   0|   32|          0|
    |temp_195_fu_2348  |  32|   0|   32|          0|
    |temp_196_fu_2352  |  32|   0|   32|          0|
    |temp_197_fu_2356  |  32|   0|   32|          0|
    |temp_198_fu_2360  |  32|   0|   32|          0|
    |temp_199_fu_2364  |  32|   0|   32|          0|
    |temp_19_fu_1644   |  32|   0|   32|          0|
    |temp_1_fu_1572    |  32|   0|   32|          0|
    |temp_200_fu_2368  |  32|   0|   32|          0|
    |temp_201_fu_2372  |  32|   0|   32|          0|
    |temp_202_fu_2376  |  32|   0|   32|          0|
    |temp_203_fu_2380  |  32|   0|   32|          0|
    |temp_204_fu_2384  |  32|   0|   32|          0|
    |temp_205_fu_2388  |  32|   0|   32|          0|
    |temp_206_fu_2392  |  32|   0|   32|          0|
    |temp_207_fu_2396  |  32|   0|   32|          0|
    |temp_208_fu_2400  |  32|   0|   32|          0|
    |temp_209_fu_2404  |  32|   0|   32|          0|
    |temp_20_fu_1648   |  32|   0|   32|          0|
    |temp_210_fu_2408  |  32|   0|   32|          0|
    |temp_211_fu_2412  |  32|   0|   32|          0|
    |temp_212_fu_2416  |  32|   0|   32|          0|
    |temp_213_fu_2420  |  32|   0|   32|          0|
    |temp_214_fu_2424  |  32|   0|   32|          0|
    |temp_215_fu_2428  |  32|   0|   32|          0|
    |temp_216_fu_2432  |  32|   0|   32|          0|
    |temp_217_fu_2436  |  32|   0|   32|          0|
    |temp_218_fu_2440  |  32|   0|   32|          0|
    |temp_219_fu_2444  |  32|   0|   32|          0|
    |temp_21_fu_1652   |  32|   0|   32|          0|
    |temp_220_fu_2448  |  32|   0|   32|          0|
    |temp_221_fu_2452  |  32|   0|   32|          0|
    |temp_222_fu_2456  |  32|   0|   32|          0|
    |temp_223_fu_2460  |  32|   0|   32|          0|
    |temp_224_fu_2464  |  32|   0|   32|          0|
    |temp_225_fu_2468  |  32|   0|   32|          0|
    |temp_226_fu_2472  |  32|   0|   32|          0|
    |temp_227_fu_2476  |  32|   0|   32|          0|
    |temp_228_fu_2480  |  32|   0|   32|          0|
    |temp_229_fu_2484  |  32|   0|   32|          0|
    |temp_22_fu_1656   |  32|   0|   32|          0|
    |temp_230_fu_2488  |  32|   0|   32|          0|
    |temp_231_fu_2492  |  32|   0|   32|          0|
    |temp_232_fu_2496  |  32|   0|   32|          0|
    |temp_233_fu_2500  |  32|   0|   32|          0|
    |temp_234_fu_2504  |  32|   0|   32|          0|
    |temp_235_fu_2508  |  32|   0|   32|          0|
    |temp_236_fu_2512  |  32|   0|   32|          0|
    |temp_237_fu_2516  |  32|   0|   32|          0|
    |temp_238_fu_2520  |  32|   0|   32|          0|
    |temp_239_fu_2524  |  32|   0|   32|          0|
    |temp_23_fu_1660   |  32|   0|   32|          0|
    |temp_240_fu_2528  |  32|   0|   32|          0|
    |temp_241_fu_2532  |  32|   0|   32|          0|
    |temp_242_fu_2536  |  32|   0|   32|          0|
    |temp_243_fu_2540  |  32|   0|   32|          0|
    |temp_244_fu_2544  |  32|   0|   32|          0|
    |temp_245_fu_2548  |  32|   0|   32|          0|
    |temp_246_fu_2552  |  32|   0|   32|          0|
    |temp_247_fu_2556  |  32|   0|   32|          0|
    |temp_248_fu_2560  |  32|   0|   32|          0|
    |temp_249_fu_2564  |  32|   0|   32|          0|
    |temp_24_fu_1664   |  32|   0|   32|          0|
    |temp_250_fu_2568  |  32|   0|   32|          0|
    |temp_251_fu_2572  |  32|   0|   32|          0|
    |temp_252_fu_2576  |  32|   0|   32|          0|
    |temp_253_fu_2580  |  32|   0|   32|          0|
    |temp_254_fu_2584  |  32|   0|   32|          0|
    |temp_255_fu_2588  |  32|   0|   32|          0|
    |temp_25_fu_1668   |  32|   0|   32|          0|
    |temp_26_fu_1672   |  32|   0|   32|          0|
    |temp_27_fu_1676   |  32|   0|   32|          0|
    |temp_28_fu_1680   |  32|   0|   32|          0|
    |temp_29_fu_1684   |  32|   0|   32|          0|
    |temp_2_fu_1576    |  32|   0|   32|          0|
    |temp_30_fu_1688   |  32|   0|   32|          0|
    |temp_31_fu_1692   |  32|   0|   32|          0|
    |temp_32_fu_1696   |  32|   0|   32|          0|
    |temp_33_fu_1700   |  32|   0|   32|          0|
    |temp_34_fu_1704   |  32|   0|   32|          0|
    |temp_35_fu_1708   |  32|   0|   32|          0|
    |temp_36_fu_1712   |  32|   0|   32|          0|
    |temp_37_fu_1716   |  32|   0|   32|          0|
    |temp_38_fu_1720   |  32|   0|   32|          0|
    |temp_39_fu_1724   |  32|   0|   32|          0|
    |temp_3_fu_1580    |  32|   0|   32|          0|
    |temp_40_fu_1728   |  32|   0|   32|          0|
    |temp_41_fu_1732   |  32|   0|   32|          0|
    |temp_42_fu_1736   |  32|   0|   32|          0|
    |temp_43_fu_1740   |  32|   0|   32|          0|
    |temp_44_fu_1744   |  32|   0|   32|          0|
    |temp_45_fu_1748   |  32|   0|   32|          0|
    |temp_46_fu_1752   |  32|   0|   32|          0|
    |temp_47_fu_1756   |  32|   0|   32|          0|
    |temp_48_fu_1760   |  32|   0|   32|          0|
    |temp_49_fu_1764   |  32|   0|   32|          0|
    |temp_4_fu_1584    |  32|   0|   32|          0|
    |temp_50_fu_1768   |  32|   0|   32|          0|
    |temp_51_fu_1772   |  32|   0|   32|          0|
    |temp_52_fu_1776   |  32|   0|   32|          0|
    |temp_53_fu_1780   |  32|   0|   32|          0|
    |temp_54_fu_1784   |  32|   0|   32|          0|
    |temp_55_fu_1788   |  32|   0|   32|          0|
    |temp_56_fu_1792   |  32|   0|   32|          0|
    |temp_57_fu_1796   |  32|   0|   32|          0|
    |temp_58_fu_1800   |  32|   0|   32|          0|
    |temp_59_fu_1804   |  32|   0|   32|          0|
    |temp_5_fu_1588    |  32|   0|   32|          0|
    |temp_60_fu_1808   |  32|   0|   32|          0|
    |temp_61_fu_1812   |  32|   0|   32|          0|
    |temp_62_fu_1816   |  32|   0|   32|          0|
    |temp_63_fu_1820   |  32|   0|   32|          0|
    |temp_64_fu_1824   |  32|   0|   32|          0|
    |temp_65_fu_1828   |  32|   0|   32|          0|
    |temp_66_fu_1832   |  32|   0|   32|          0|
    |temp_67_fu_1836   |  32|   0|   32|          0|
    |temp_68_fu_1840   |  32|   0|   32|          0|
    |temp_69_fu_1844   |  32|   0|   32|          0|
    |temp_6_fu_1592    |  32|   0|   32|          0|
    |temp_70_fu_1848   |  32|   0|   32|          0|
    |temp_71_fu_1852   |  32|   0|   32|          0|
    |temp_72_fu_1856   |  32|   0|   32|          0|
    |temp_73_fu_1860   |  32|   0|   32|          0|
    |temp_74_fu_1864   |  32|   0|   32|          0|
    |temp_75_fu_1868   |  32|   0|   32|          0|
    |temp_76_fu_1872   |  32|   0|   32|          0|
    |temp_77_fu_1876   |  32|   0|   32|          0|
    |temp_78_fu_1880   |  32|   0|   32|          0|
    |temp_79_fu_1884   |  32|   0|   32|          0|
    |temp_7_fu_1596    |  32|   0|   32|          0|
    |temp_80_fu_1888   |  32|   0|   32|          0|
    |temp_81_fu_1892   |  32|   0|   32|          0|
    |temp_82_fu_1896   |  32|   0|   32|          0|
    |temp_83_fu_1900   |  32|   0|   32|          0|
    |temp_84_fu_1904   |  32|   0|   32|          0|
    |temp_85_fu_1908   |  32|   0|   32|          0|
    |temp_86_fu_1912   |  32|   0|   32|          0|
    |temp_87_fu_1916   |  32|   0|   32|          0|
    |temp_88_fu_1920   |  32|   0|   32|          0|
    |temp_89_fu_1924   |  32|   0|   32|          0|
    |temp_8_fu_1600    |  32|   0|   32|          0|
    |temp_90_fu_1928   |  32|   0|   32|          0|
    |temp_91_fu_1932   |  32|   0|   32|          0|
    |temp_92_fu_1936   |  32|   0|   32|          0|
    |temp_93_fu_1940   |  32|   0|   32|          0|
    |temp_94_fu_1944   |  32|   0|   32|          0|
    |temp_95_fu_1948   |  32|   0|   32|          0|
    |temp_96_fu_1952   |  32|   0|   32|          0|
    |temp_97_fu_1956   |  32|   0|   32|          0|
    |temp_98_fu_1960   |  32|   0|   32|          0|
    |temp_99_fu_1964   |  32|   0|   32|          0|
    |temp_9_fu_1604    |  32|   0|   32|          0|
    |temp_fu_1568      |  32|   0|   32|          0|
    +------------------+----+----+-----+-----------+
    |Total             |8203|   0| 8203|          0|
    +------------------+----+----+-----+-----------+



================================================================
== Interface
================================================================
* Summary: 
+---------------------+-----+-----+------------+------------------------------+--------------+
|      RTL Ports      | Dir | Bits|  Protocol  |         Source Object        |    C Type    |
+---------------------+-----+-----+------------+------------------------------+--------------+
|ap_clk               |   in|    1|  ap_ctrl_hs|  dft_Pipeline_VITIS_LOOP_18_1|  return value|
|ap_rst               |   in|    1|  ap_ctrl_hs|  dft_Pipeline_VITIS_LOOP_18_1|  return value|
|ap_start             |   in|    1|  ap_ctrl_hs|  dft_Pipeline_VITIS_LOOP_18_1|  return value|
|ap_done              |  out|    1|  ap_ctrl_hs|  dft_Pipeline_VITIS_LOOP_18_1|  return value|
|ap_idle              |  out|    1|  ap_ctrl_hs|  dft_Pipeline_VITIS_LOOP_18_1|  return value|
|ap_ready             |  out|    1|  ap_ctrl_hs|  dft_Pipeline_VITIS_LOOP_18_1|  return value|
|empty_8              |   in|   32|     ap_none|                       empty_8|        scalar|
|empty_9              |   in|   32|     ap_none|                       empty_9|        scalar|
|empty_10             |   in|   32|     ap_none|                      empty_10|        scalar|
|empty_11             |   in|   32|     ap_none|                      empty_11|        scalar|
|empty_12             |   in|   32|     ap_none|                      empty_12|        scalar|
|empty_13             |   in|   32|     ap_none|                      empty_13|        scalar|
|empty_14             |   in|   32|     ap_none|                      empty_14|        scalar|
|empty_15             |   in|   32|     ap_none|                      empty_15|        scalar|
|empty_16             |   in|   32|     ap_none|                      empty_16|        scalar|
|empty_17             |   in|   32|     ap_none|                      empty_17|        scalar|
|empty_18             |   in|   32|     ap_none|                      empty_18|        scalar|
|empty_19             |   in|   32|     ap_none|                      empty_19|        scalar|
|empty_20             |   in|   32|     ap_none|                      empty_20|        scalar|
|empty_21             |   in|   32|     ap_none|                      empty_21|        scalar|
|empty_22             |   in|   32|     ap_none|                      empty_22|        scalar|
|empty_23             |   in|   32|     ap_none|                      empty_23|        scalar|
|empty_24             |   in|   32|     ap_none|                      empty_24|        scalar|
|empty_25             |   in|   32|     ap_none|                      empty_25|        scalar|
|empty_26             |   in|   32|     ap_none|                      empty_26|        scalar|
|empty_27             |   in|   32|     ap_none|                      empty_27|        scalar|
|empty_28             |   in|   32|     ap_none|                      empty_28|        scalar|
|empty_29             |   in|   32|     ap_none|                      empty_29|        scalar|
|empty_30             |   in|   32|     ap_none|                      empty_30|        scalar|
|empty_31             |   in|   32|     ap_none|                      empty_31|        scalar|
|empty_32             |   in|   32|     ap_none|                      empty_32|        scalar|
|empty_33             |   in|   32|     ap_none|                      empty_33|        scalar|
|empty_34             |   in|   32|     ap_none|                      empty_34|        scalar|
|empty_35             |   in|   32|     ap_none|                      empty_35|        scalar|
|empty_36             |   in|   32|     ap_none|                      empty_36|        scalar|
|empty_37             |   in|   32|     ap_none|                      empty_37|        scalar|
|empty_38             |   in|   32|     ap_none|                      empty_38|        scalar|
|empty_39             |   in|   32|     ap_none|                      empty_39|        scalar|
|empty_40             |   in|   32|     ap_none|                      empty_40|        scalar|
|empty_41             |   in|   32|     ap_none|                      empty_41|        scalar|
|empty_42             |   in|   32|     ap_none|                      empty_42|        scalar|
|empty_43             |   in|   32|     ap_none|                      empty_43|        scalar|
|empty_44             |   in|   32|     ap_none|                      empty_44|        scalar|
|empty_45             |   in|   32|     ap_none|                      empty_45|        scalar|
|empty_46             |   in|   32|     ap_none|                      empty_46|        scalar|
|empty_47             |   in|   32|     ap_none|                      empty_47|        scalar|
|empty_48             |   in|   32|     ap_none|                      empty_48|        scalar|
|empty_49             |   in|   32|     ap_none|                      empty_49|        scalar|
|empty_50             |   in|   32|     ap_none|                      empty_50|        scalar|
|empty_51             |   in|   32|     ap_none|                      empty_51|        scalar|
|empty_52             |   in|   32|     ap_none|                      empty_52|        scalar|
|empty_53             |   in|   32|     ap_none|                      empty_53|        scalar|
|empty_54             |   in|   32|     ap_none|                      empty_54|        scalar|
|empty_55             |   in|   32|     ap_none|                      empty_55|        scalar|
|empty_56             |   in|   32|     ap_none|                      empty_56|        scalar|
|empty_57             |   in|   32|     ap_none|                      empty_57|        scalar|
|empty_58             |   in|   32|     ap_none|                      empty_58|        scalar|
|empty_59             |   in|   32|     ap_none|                      empty_59|        scalar|
|empty_60             |   in|   32|     ap_none|                      empty_60|        scalar|
|empty_61             |   in|   32|     ap_none|                      empty_61|        scalar|
|empty_62             |   in|   32|     ap_none|                      empty_62|        scalar|
|empty_63             |   in|   32|     ap_none|                      empty_63|        scalar|
|empty_64             |   in|   32|     ap_none|                      empty_64|        scalar|
|empty_65             |   in|   32|     ap_none|                      empty_65|        scalar|
|empty_66             |   in|   32|     ap_none|                      empty_66|        scalar|
|empty_67             |   in|   32|     ap_none|                      empty_67|        scalar|
|empty_68             |   in|   32|     ap_none|                      empty_68|        scalar|
|empty_69             |   in|   32|     ap_none|                      empty_69|        scalar|
|empty_70             |   in|   32|     ap_none|                      empty_70|        scalar|
|empty_71             |   in|   32|     ap_none|                      empty_71|        scalar|
|empty_72             |   in|   32|     ap_none|                      empty_72|        scalar|
|empty_73             |   in|   32|     ap_none|                      empty_73|        scalar|
|empty_74             |   in|   32|     ap_none|                      empty_74|        scalar|
|empty_75             |   in|   32|     ap_none|                      empty_75|        scalar|
|empty_76             |   in|   32|     ap_none|                      empty_76|        scalar|
|empty_77             |   in|   32|     ap_none|                      empty_77|        scalar|
|empty_78             |   in|   32|     ap_none|                      empty_78|        scalar|
|empty_79             |   in|   32|     ap_none|                      empty_79|        scalar|
|empty_80             |   in|   32|     ap_none|                      empty_80|        scalar|
|empty_81             |   in|   32|     ap_none|                      empty_81|        scalar|
|empty_82             |   in|   32|     ap_none|                      empty_82|        scalar|
|empty_83             |   in|   32|     ap_none|                      empty_83|        scalar|
|empty_84             |   in|   32|     ap_none|                      empty_84|        scalar|
|empty_85             |   in|   32|     ap_none|                      empty_85|        scalar|
|empty_86             |   in|   32|     ap_none|                      empty_86|        scalar|
|empty_87             |   in|   32|     ap_none|                      empty_87|        scalar|
|empty_88             |   in|   32|     ap_none|                      empty_88|        scalar|
|empty_89             |   in|   32|     ap_none|                      empty_89|        scalar|
|empty_90             |   in|   32|     ap_none|                      empty_90|        scalar|
|empty_91             |   in|   32|     ap_none|                      empty_91|        scalar|
|empty_92             |   in|   32|     ap_none|                      empty_92|        scalar|
|empty_93             |   in|   32|     ap_none|                      empty_93|        scalar|
|empty_94             |   in|   32|     ap_none|                      empty_94|        scalar|
|empty_95             |   in|   32|     ap_none|                      empty_95|        scalar|
|empty_96             |   in|   32|     ap_none|                      empty_96|        scalar|
|empty_97             |   in|   32|     ap_none|                      empty_97|        scalar|
|empty_98             |   in|   32|     ap_none|                      empty_98|        scalar|
|empty_99             |   in|   32|     ap_none|                      empty_99|        scalar|
|empty_100            |   in|   32|     ap_none|                     empty_100|        scalar|
|empty_101            |   in|   32|     ap_none|                     empty_101|        scalar|
|empty_102            |   in|   32|     ap_none|                     empty_102|        scalar|
|empty_103            |   in|   32|     ap_none|                     empty_103|        scalar|
|empty_104            |   in|   32|     ap_none|                     empty_104|        scalar|
|empty_105            |   in|   32|     ap_none|                     empty_105|        scalar|
|empty_106            |   in|   32|     ap_none|                     empty_106|        scalar|
|empty_107            |   in|   32|     ap_none|                     empty_107|        scalar|
|empty_108            |   in|   32|     ap_none|                     empty_108|        scalar|
|empty_109            |   in|   32|     ap_none|                     empty_109|        scalar|
|empty_110            |   in|   32|     ap_none|                     empty_110|        scalar|
|empty_111            |   in|   32|     ap_none|                     empty_111|        scalar|
|empty_112            |   in|   32|     ap_none|                     empty_112|        scalar|
|empty_113            |   in|   32|     ap_none|                     empty_113|        scalar|
|empty_114            |   in|   32|     ap_none|                     empty_114|        scalar|
|empty_115            |   in|   32|     ap_none|                     empty_115|        scalar|
|empty_116            |   in|   32|     ap_none|                     empty_116|        scalar|
|empty_117            |   in|   32|     ap_none|                     empty_117|        scalar|
|empty_118            |   in|   32|     ap_none|                     empty_118|        scalar|
|empty_119            |   in|   32|     ap_none|                     empty_119|        scalar|
|empty_120            |   in|   32|     ap_none|                     empty_120|        scalar|
|empty_121            |   in|   32|     ap_none|                     empty_121|        scalar|
|empty_122            |   in|   32|     ap_none|                     empty_122|        scalar|
|empty_123            |   in|   32|     ap_none|                     empty_123|        scalar|
|empty_124            |   in|   32|     ap_none|                     empty_124|        scalar|
|empty_125            |   in|   32|     ap_none|                     empty_125|        scalar|
|empty_126            |   in|   32|     ap_none|                     empty_126|        scalar|
|empty_127            |   in|   32|     ap_none|                     empty_127|        scalar|
|empty_128            |   in|   32|     ap_none|                     empty_128|        scalar|
|empty_129            |   in|   32|     ap_none|                     empty_129|        scalar|
|empty_130            |   in|   32|     ap_none|                     empty_130|        scalar|
|empty_131            |   in|   32|     ap_none|                     empty_131|        scalar|
|empty_132            |   in|   32|     ap_none|                     empty_132|        scalar|
|empty_133            |   in|   32|     ap_none|                     empty_133|        scalar|
|empty_134            |   in|   32|     ap_none|                     empty_134|        scalar|
|empty_135            |   in|   32|     ap_none|                     empty_135|        scalar|
|empty_136            |   in|   32|     ap_none|                     empty_136|        scalar|
|empty_137            |   in|   32|     ap_none|                     empty_137|        scalar|
|empty_138            |   in|   32|     ap_none|                     empty_138|        scalar|
|empty_139            |   in|   32|     ap_none|                     empty_139|        scalar|
|empty_140            |   in|   32|     ap_none|                     empty_140|        scalar|
|empty_141            |   in|   32|     ap_none|                     empty_141|        scalar|
|empty_142            |   in|   32|     ap_none|                     empty_142|        scalar|
|empty_143            |   in|   32|     ap_none|                     empty_143|        scalar|
|empty_144            |   in|   32|     ap_none|                     empty_144|        scalar|
|empty_145            |   in|   32|     ap_none|                     empty_145|        scalar|
|empty_146            |   in|   32|     ap_none|                     empty_146|        scalar|
|empty_147            |   in|   32|     ap_none|                     empty_147|        scalar|
|empty_148            |   in|   32|     ap_none|                     empty_148|        scalar|
|empty_149            |   in|   32|     ap_none|                     empty_149|        scalar|
|empty_150            |   in|   32|     ap_none|                     empty_150|        scalar|
|empty_151            |   in|   32|     ap_none|                     empty_151|        scalar|
|empty_152            |   in|   32|     ap_none|                     empty_152|        scalar|
|empty_153            |   in|   32|     ap_none|                     empty_153|        scalar|
|empty_154            |   in|   32|     ap_none|                     empty_154|        scalar|
|empty_155            |   in|   32|     ap_none|                     empty_155|        scalar|
|empty_156            |   in|   32|     ap_none|                     empty_156|        scalar|
|empty_157            |   in|   32|     ap_none|                     empty_157|        scalar|
|empty_158            |   in|   32|     ap_none|                     empty_158|        scalar|
|empty_159            |   in|   32|     ap_none|                     empty_159|        scalar|
|empty_160            |   in|   32|     ap_none|                     empty_160|        scalar|
|empty_161            |   in|   32|     ap_none|                     empty_161|        scalar|
|empty_162            |   in|   32|     ap_none|                     empty_162|        scalar|
|empty_163            |   in|   32|     ap_none|                     empty_163|        scalar|
|empty_164            |   in|   32|     ap_none|                     empty_164|        scalar|
|empty_165            |   in|   32|     ap_none|                     empty_165|        scalar|
|empty_166            |   in|   32|     ap_none|                     empty_166|        scalar|
|empty_167            |   in|   32|     ap_none|                     empty_167|        scalar|
|empty_168            |   in|   32|     ap_none|                     empty_168|        scalar|
|empty_169            |   in|   32|     ap_none|                     empty_169|        scalar|
|empty_170            |   in|   32|     ap_none|                     empty_170|        scalar|
|empty_171            |   in|   32|     ap_none|                     empty_171|        scalar|
|empty_172            |   in|   32|     ap_none|                     empty_172|        scalar|
|empty_173            |   in|   32|     ap_none|                     empty_173|        scalar|
|empty_174            |   in|   32|     ap_none|                     empty_174|        scalar|
|empty_175            |   in|   32|     ap_none|                     empty_175|        scalar|
|empty_176            |   in|   32|     ap_none|                     empty_176|        scalar|
|empty_177            |   in|   32|     ap_none|                     empty_177|        scalar|
|empty_178            |   in|   32|     ap_none|                     empty_178|        scalar|
|empty_179            |   in|   32|     ap_none|                     empty_179|        scalar|
|empty_180            |   in|   32|     ap_none|                     empty_180|        scalar|
|empty_181            |   in|   32|     ap_none|                     empty_181|        scalar|
|empty_182            |   in|   32|     ap_none|                     empty_182|        scalar|
|empty_183            |   in|   32|     ap_none|                     empty_183|        scalar|
|empty_184            |   in|   32|     ap_none|                     empty_184|        scalar|
|empty_185            |   in|   32|     ap_none|                     empty_185|        scalar|
|empty_186            |   in|   32|     ap_none|                     empty_186|        scalar|
|empty_187            |   in|   32|     ap_none|                     empty_187|        scalar|
|empty_188            |   in|   32|     ap_none|                     empty_188|        scalar|
|empty_189            |   in|   32|     ap_none|                     empty_189|        scalar|
|empty_190            |   in|   32|     ap_none|                     empty_190|        scalar|
|empty_191            |   in|   32|     ap_none|                     empty_191|        scalar|
|empty_192            |   in|   32|     ap_none|                     empty_192|        scalar|
|empty_193            |   in|   32|     ap_none|                     empty_193|        scalar|
|empty_194            |   in|   32|     ap_none|                     empty_194|        scalar|
|empty_195            |   in|   32|     ap_none|                     empty_195|        scalar|
|empty_196            |   in|   32|     ap_none|                     empty_196|        scalar|
|empty_197            |   in|   32|     ap_none|                     empty_197|        scalar|
|empty_198            |   in|   32|     ap_none|                     empty_198|        scalar|
|empty_199            |   in|   32|     ap_none|                     empty_199|        scalar|
|empty_200            |   in|   32|     ap_none|                     empty_200|        scalar|
|empty_201            |   in|   32|     ap_none|                     empty_201|        scalar|
|empty_202            |   in|   32|     ap_none|                     empty_202|        scalar|
|empty_203            |   in|   32|     ap_none|                     empty_203|        scalar|
|empty_204            |   in|   32|     ap_none|                     empty_204|        scalar|
|empty_205            |   in|   32|     ap_none|                     empty_205|        scalar|
|empty_206            |   in|   32|     ap_none|                     empty_206|        scalar|
|empty_207            |   in|   32|     ap_none|                     empty_207|        scalar|
|empty_208            |   in|   32|     ap_none|                     empty_208|        scalar|
|empty_209            |   in|   32|     ap_none|                     empty_209|        scalar|
|empty_210            |   in|   32|     ap_none|                     empty_210|        scalar|
|empty_211            |   in|   32|     ap_none|                     empty_211|        scalar|
|empty_212            |   in|   32|     ap_none|                     empty_212|        scalar|
|empty_213            |   in|   32|     ap_none|                     empty_213|        scalar|
|empty_214            |   in|   32|     ap_none|                     empty_214|        scalar|
|empty_215            |   in|   32|     ap_none|                     empty_215|        scalar|
|empty_216            |   in|   32|     ap_none|                     empty_216|        scalar|
|empty_217            |   in|   32|     ap_none|                     empty_217|        scalar|
|empty_218            |   in|   32|     ap_none|                     empty_218|        scalar|
|empty_219            |   in|   32|     ap_none|                     empty_219|        scalar|
|empty_220            |   in|   32|     ap_none|                     empty_220|        scalar|
|empty_221            |   in|   32|     ap_none|                     empty_221|        scalar|
|empty_222            |   in|   32|     ap_none|                     empty_222|        scalar|
|empty_223            |   in|   32|     ap_none|                     empty_223|        scalar|
|empty_224            |   in|   32|     ap_none|                     empty_224|        scalar|
|empty_225            |   in|   32|     ap_none|                     empty_225|        scalar|
|empty_226            |   in|   32|     ap_none|                     empty_226|        scalar|
|empty_227            |   in|   32|     ap_none|                     empty_227|        scalar|
|empty_228            |   in|   32|     ap_none|                     empty_228|        scalar|
|empty_229            |   in|   32|     ap_none|                     empty_229|        scalar|
|empty_230            |   in|   32|     ap_none|                     empty_230|        scalar|
|empty_231            |   in|   32|     ap_none|                     empty_231|        scalar|
|empty_232            |   in|   32|     ap_none|                     empty_232|        scalar|
|empty_233            |   in|   32|     ap_none|                     empty_233|        scalar|
|empty_234            |   in|   32|     ap_none|                     empty_234|        scalar|
|empty_235            |   in|   32|     ap_none|                     empty_235|        scalar|
|empty_236            |   in|   32|     ap_none|                     empty_236|        scalar|
|empty_237            |   in|   32|     ap_none|                     empty_237|        scalar|
|empty_238            |   in|   32|     ap_none|                     empty_238|        scalar|
|empty_239            |   in|   32|     ap_none|                     empty_239|        scalar|
|empty_240            |   in|   32|     ap_none|                     empty_240|        scalar|
|empty_241            |   in|   32|     ap_none|                     empty_241|        scalar|
|empty_242            |   in|   32|     ap_none|                     empty_242|        scalar|
|empty_243            |   in|   32|     ap_none|                     empty_243|        scalar|
|empty_244            |   in|   32|     ap_none|                     empty_244|        scalar|
|empty_245            |   in|   32|     ap_none|                     empty_245|        scalar|
|empty_246            |   in|   32|     ap_none|                     empty_246|        scalar|
|empty_247            |   in|   32|     ap_none|                     empty_247|        scalar|
|empty_248            |   in|   32|     ap_none|                     empty_248|        scalar|
|empty_249            |   in|   32|     ap_none|                     empty_249|        scalar|
|empty_250            |   in|   32|     ap_none|                     empty_250|        scalar|
|empty_251            |   in|   32|     ap_none|                     empty_251|        scalar|
|empty_252            |   in|   32|     ap_none|                     empty_252|        scalar|
|empty_253            |   in|   32|     ap_none|                     empty_253|        scalar|
|empty_254            |   in|   32|     ap_none|                     empty_254|        scalar|
|empty_255            |   in|   32|     ap_none|                     empty_255|        scalar|
|empty_256            |   in|   32|     ap_none|                     empty_256|        scalar|
|empty_257            |   in|   32|     ap_none|                     empty_257|        scalar|
|empty_258            |   in|   32|     ap_none|                     empty_258|        scalar|
|empty_259            |   in|   32|     ap_none|                     empty_259|        scalar|
|empty_260            |   in|   32|     ap_none|                     empty_260|        scalar|
|empty_261            |   in|   32|     ap_none|                     empty_261|        scalar|
|empty_262            |   in|   32|     ap_none|                     empty_262|        scalar|
|empty                |   in|   32|     ap_none|                         empty|        scalar|
|temp_255_out         |  out|   32|      ap_vld|                  temp_255_out|       pointer|
|temp_255_out_ap_vld  |  out|    1|      ap_vld|                  temp_255_out|       pointer|
|temp_254_out         |  out|   32|      ap_vld|                  temp_254_out|       pointer|
|temp_254_out_ap_vld  |  out|    1|      ap_vld|                  temp_254_out|       pointer|
|temp_253_out         |  out|   32|      ap_vld|                  temp_253_out|       pointer|
|temp_253_out_ap_vld  |  out|    1|      ap_vld|                  temp_253_out|       pointer|
|temp_252_out         |  out|   32|      ap_vld|                  temp_252_out|       pointer|
|temp_252_out_ap_vld  |  out|    1|      ap_vld|                  temp_252_out|       pointer|
|temp_251_out         |  out|   32|      ap_vld|                  temp_251_out|       pointer|
|temp_251_out_ap_vld  |  out|    1|      ap_vld|                  temp_251_out|       pointer|
|temp_250_out         |  out|   32|      ap_vld|                  temp_250_out|       pointer|
|temp_250_out_ap_vld  |  out|    1|      ap_vld|                  temp_250_out|       pointer|
|temp_249_out         |  out|   32|      ap_vld|                  temp_249_out|       pointer|
|temp_249_out_ap_vld  |  out|    1|      ap_vld|                  temp_249_out|       pointer|
|temp_248_out         |  out|   32|      ap_vld|                  temp_248_out|       pointer|
|temp_248_out_ap_vld  |  out|    1|      ap_vld|                  temp_248_out|       pointer|
|temp_247_out         |  out|   32|      ap_vld|                  temp_247_out|       pointer|
|temp_247_out_ap_vld  |  out|    1|      ap_vld|                  temp_247_out|       pointer|
|temp_246_out         |  out|   32|      ap_vld|                  temp_246_out|       pointer|
|temp_246_out_ap_vld  |  out|    1|      ap_vld|                  temp_246_out|       pointer|
|temp_245_out         |  out|   32|      ap_vld|                  temp_245_out|       pointer|
|temp_245_out_ap_vld  |  out|    1|      ap_vld|                  temp_245_out|       pointer|
|temp_244_out         |  out|   32|      ap_vld|                  temp_244_out|       pointer|
|temp_244_out_ap_vld  |  out|    1|      ap_vld|                  temp_244_out|       pointer|
|temp_243_out         |  out|   32|      ap_vld|                  temp_243_out|       pointer|
|temp_243_out_ap_vld  |  out|    1|      ap_vld|                  temp_243_out|       pointer|
|temp_242_out         |  out|   32|      ap_vld|                  temp_242_out|       pointer|
|temp_242_out_ap_vld  |  out|    1|      ap_vld|                  temp_242_out|       pointer|
|temp_241_out         |  out|   32|      ap_vld|                  temp_241_out|       pointer|
|temp_241_out_ap_vld  |  out|    1|      ap_vld|                  temp_241_out|       pointer|
|temp_240_out         |  out|   32|      ap_vld|                  temp_240_out|       pointer|
|temp_240_out_ap_vld  |  out|    1|      ap_vld|                  temp_240_out|       pointer|
|temp_239_out         |  out|   32|      ap_vld|                  temp_239_out|       pointer|
|temp_239_out_ap_vld  |  out|    1|      ap_vld|                  temp_239_out|       pointer|
|temp_238_out         |  out|   32|      ap_vld|                  temp_238_out|       pointer|
|temp_238_out_ap_vld  |  out|    1|      ap_vld|                  temp_238_out|       pointer|
|temp_237_out         |  out|   32|      ap_vld|                  temp_237_out|       pointer|
|temp_237_out_ap_vld  |  out|    1|      ap_vld|                  temp_237_out|       pointer|
|temp_236_out         |  out|   32|      ap_vld|                  temp_236_out|       pointer|
|temp_236_out_ap_vld  |  out|    1|      ap_vld|                  temp_236_out|       pointer|
|temp_235_out         |  out|   32|      ap_vld|                  temp_235_out|       pointer|
|temp_235_out_ap_vld  |  out|    1|      ap_vld|                  temp_235_out|       pointer|
|temp_234_out         |  out|   32|      ap_vld|                  temp_234_out|       pointer|
|temp_234_out_ap_vld  |  out|    1|      ap_vld|                  temp_234_out|       pointer|
|temp_233_out         |  out|   32|      ap_vld|                  temp_233_out|       pointer|
|temp_233_out_ap_vld  |  out|    1|      ap_vld|                  temp_233_out|       pointer|
|temp_232_out         |  out|   32|      ap_vld|                  temp_232_out|       pointer|
|temp_232_out_ap_vld  |  out|    1|      ap_vld|                  temp_232_out|       pointer|
|temp_231_out         |  out|   32|      ap_vld|                  temp_231_out|       pointer|
|temp_231_out_ap_vld  |  out|    1|      ap_vld|                  temp_231_out|       pointer|
|temp_230_out         |  out|   32|      ap_vld|                  temp_230_out|       pointer|
|temp_230_out_ap_vld  |  out|    1|      ap_vld|                  temp_230_out|       pointer|
|temp_229_out         |  out|   32|      ap_vld|                  temp_229_out|       pointer|
|temp_229_out_ap_vld  |  out|    1|      ap_vld|                  temp_229_out|       pointer|
|temp_228_out         |  out|   32|      ap_vld|                  temp_228_out|       pointer|
|temp_228_out_ap_vld  |  out|    1|      ap_vld|                  temp_228_out|       pointer|
|temp_227_out         |  out|   32|      ap_vld|                  temp_227_out|       pointer|
|temp_227_out_ap_vld  |  out|    1|      ap_vld|                  temp_227_out|       pointer|
|temp_226_out         |  out|   32|      ap_vld|                  temp_226_out|       pointer|
|temp_226_out_ap_vld  |  out|    1|      ap_vld|                  temp_226_out|       pointer|
|temp_225_out         |  out|   32|      ap_vld|                  temp_225_out|       pointer|
|temp_225_out_ap_vld  |  out|    1|      ap_vld|                  temp_225_out|       pointer|
|temp_224_out         |  out|   32|      ap_vld|                  temp_224_out|       pointer|
|temp_224_out_ap_vld  |  out|    1|      ap_vld|                  temp_224_out|       pointer|
|temp_223_out         |  out|   32|      ap_vld|                  temp_223_out|       pointer|
|temp_223_out_ap_vld  |  out|    1|      ap_vld|                  temp_223_out|       pointer|
|temp_222_out         |  out|   32|      ap_vld|                  temp_222_out|       pointer|
|temp_222_out_ap_vld  |  out|    1|      ap_vld|                  temp_222_out|       pointer|
|temp_221_out         |  out|   32|      ap_vld|                  temp_221_out|       pointer|
|temp_221_out_ap_vld  |  out|    1|      ap_vld|                  temp_221_out|       pointer|
|temp_220_out         |  out|   32|      ap_vld|                  temp_220_out|       pointer|
|temp_220_out_ap_vld  |  out|    1|      ap_vld|                  temp_220_out|       pointer|
|temp_219_out         |  out|   32|      ap_vld|                  temp_219_out|       pointer|
|temp_219_out_ap_vld  |  out|    1|      ap_vld|                  temp_219_out|       pointer|
|temp_218_out         |  out|   32|      ap_vld|                  temp_218_out|       pointer|
|temp_218_out_ap_vld  |  out|    1|      ap_vld|                  temp_218_out|       pointer|
|temp_217_out         |  out|   32|      ap_vld|                  temp_217_out|       pointer|
|temp_217_out_ap_vld  |  out|    1|      ap_vld|                  temp_217_out|       pointer|
|temp_216_out         |  out|   32|      ap_vld|                  temp_216_out|       pointer|
|temp_216_out_ap_vld  |  out|    1|      ap_vld|                  temp_216_out|       pointer|
|temp_215_out         |  out|   32|      ap_vld|                  temp_215_out|       pointer|
|temp_215_out_ap_vld  |  out|    1|      ap_vld|                  temp_215_out|       pointer|
|temp_214_out         |  out|   32|      ap_vld|                  temp_214_out|       pointer|
|temp_214_out_ap_vld  |  out|    1|      ap_vld|                  temp_214_out|       pointer|
|temp_213_out         |  out|   32|      ap_vld|                  temp_213_out|       pointer|
|temp_213_out_ap_vld  |  out|    1|      ap_vld|                  temp_213_out|       pointer|
|temp_212_out         |  out|   32|      ap_vld|                  temp_212_out|       pointer|
|temp_212_out_ap_vld  |  out|    1|      ap_vld|                  temp_212_out|       pointer|
|temp_211_out         |  out|   32|      ap_vld|                  temp_211_out|       pointer|
|temp_211_out_ap_vld  |  out|    1|      ap_vld|                  temp_211_out|       pointer|
|temp_210_out         |  out|   32|      ap_vld|                  temp_210_out|       pointer|
|temp_210_out_ap_vld  |  out|    1|      ap_vld|                  temp_210_out|       pointer|
|temp_209_out         |  out|   32|      ap_vld|                  temp_209_out|       pointer|
|temp_209_out_ap_vld  |  out|    1|      ap_vld|                  temp_209_out|       pointer|
|temp_208_out         |  out|   32|      ap_vld|                  temp_208_out|       pointer|
|temp_208_out_ap_vld  |  out|    1|      ap_vld|                  temp_208_out|       pointer|
|temp_207_out         |  out|   32|      ap_vld|                  temp_207_out|       pointer|
|temp_207_out_ap_vld  |  out|    1|      ap_vld|                  temp_207_out|       pointer|
|temp_206_out         |  out|   32|      ap_vld|                  temp_206_out|       pointer|
|temp_206_out_ap_vld  |  out|    1|      ap_vld|                  temp_206_out|       pointer|
|temp_205_out         |  out|   32|      ap_vld|                  temp_205_out|       pointer|
|temp_205_out_ap_vld  |  out|    1|      ap_vld|                  temp_205_out|       pointer|
|temp_204_out         |  out|   32|      ap_vld|                  temp_204_out|       pointer|
|temp_204_out_ap_vld  |  out|    1|      ap_vld|                  temp_204_out|       pointer|
|temp_203_out         |  out|   32|      ap_vld|                  temp_203_out|       pointer|
|temp_203_out_ap_vld  |  out|    1|      ap_vld|                  temp_203_out|       pointer|
|temp_202_out         |  out|   32|      ap_vld|                  temp_202_out|       pointer|
|temp_202_out_ap_vld  |  out|    1|      ap_vld|                  temp_202_out|       pointer|
|temp_201_out         |  out|   32|      ap_vld|                  temp_201_out|       pointer|
|temp_201_out_ap_vld  |  out|    1|      ap_vld|                  temp_201_out|       pointer|
|temp_200_out         |  out|   32|      ap_vld|                  temp_200_out|       pointer|
|temp_200_out_ap_vld  |  out|    1|      ap_vld|                  temp_200_out|       pointer|
|temp_199_out         |  out|   32|      ap_vld|                  temp_199_out|       pointer|
|temp_199_out_ap_vld  |  out|    1|      ap_vld|                  temp_199_out|       pointer|
|temp_198_out         |  out|   32|      ap_vld|                  temp_198_out|       pointer|
|temp_198_out_ap_vld  |  out|    1|      ap_vld|                  temp_198_out|       pointer|
|temp_197_out         |  out|   32|      ap_vld|                  temp_197_out|       pointer|
|temp_197_out_ap_vld  |  out|    1|      ap_vld|                  temp_197_out|       pointer|
|temp_196_out         |  out|   32|      ap_vld|                  temp_196_out|       pointer|
|temp_196_out_ap_vld  |  out|    1|      ap_vld|                  temp_196_out|       pointer|
|temp_195_out         |  out|   32|      ap_vld|                  temp_195_out|       pointer|
|temp_195_out_ap_vld  |  out|    1|      ap_vld|                  temp_195_out|       pointer|
|temp_194_out         |  out|   32|      ap_vld|                  temp_194_out|       pointer|
|temp_194_out_ap_vld  |  out|    1|      ap_vld|                  temp_194_out|       pointer|
|temp_193_out         |  out|   32|      ap_vld|                  temp_193_out|       pointer|
|temp_193_out_ap_vld  |  out|    1|      ap_vld|                  temp_193_out|       pointer|
|temp_192_out         |  out|   32|      ap_vld|                  temp_192_out|       pointer|
|temp_192_out_ap_vld  |  out|    1|      ap_vld|                  temp_192_out|       pointer|
|temp_191_out         |  out|   32|      ap_vld|                  temp_191_out|       pointer|
|temp_191_out_ap_vld  |  out|    1|      ap_vld|                  temp_191_out|       pointer|
|temp_190_out         |  out|   32|      ap_vld|                  temp_190_out|       pointer|
|temp_190_out_ap_vld  |  out|    1|      ap_vld|                  temp_190_out|       pointer|
|temp_189_out         |  out|   32|      ap_vld|                  temp_189_out|       pointer|
|temp_189_out_ap_vld  |  out|    1|      ap_vld|                  temp_189_out|       pointer|
|temp_188_out         |  out|   32|      ap_vld|                  temp_188_out|       pointer|
|temp_188_out_ap_vld  |  out|    1|      ap_vld|                  temp_188_out|       pointer|
|temp_187_out         |  out|   32|      ap_vld|                  temp_187_out|       pointer|
|temp_187_out_ap_vld  |  out|    1|      ap_vld|                  temp_187_out|       pointer|
|temp_186_out         |  out|   32|      ap_vld|                  temp_186_out|       pointer|
|temp_186_out_ap_vld  |  out|    1|      ap_vld|                  temp_186_out|       pointer|
|temp_185_out         |  out|   32|      ap_vld|                  temp_185_out|       pointer|
|temp_185_out_ap_vld  |  out|    1|      ap_vld|                  temp_185_out|       pointer|
|temp_184_out         |  out|   32|      ap_vld|                  temp_184_out|       pointer|
|temp_184_out_ap_vld  |  out|    1|      ap_vld|                  temp_184_out|       pointer|
|temp_183_out         |  out|   32|      ap_vld|                  temp_183_out|       pointer|
|temp_183_out_ap_vld  |  out|    1|      ap_vld|                  temp_183_out|       pointer|
|temp_182_out         |  out|   32|      ap_vld|                  temp_182_out|       pointer|
|temp_182_out_ap_vld  |  out|    1|      ap_vld|                  temp_182_out|       pointer|
|temp_181_out         |  out|   32|      ap_vld|                  temp_181_out|       pointer|
|temp_181_out_ap_vld  |  out|    1|      ap_vld|                  temp_181_out|       pointer|
|temp_180_out         |  out|   32|      ap_vld|                  temp_180_out|       pointer|
|temp_180_out_ap_vld  |  out|    1|      ap_vld|                  temp_180_out|       pointer|
|temp_179_out         |  out|   32|      ap_vld|                  temp_179_out|       pointer|
|temp_179_out_ap_vld  |  out|    1|      ap_vld|                  temp_179_out|       pointer|
|temp_178_out         |  out|   32|      ap_vld|                  temp_178_out|       pointer|
|temp_178_out_ap_vld  |  out|    1|      ap_vld|                  temp_178_out|       pointer|
|temp_177_out         |  out|   32|      ap_vld|                  temp_177_out|       pointer|
|temp_177_out_ap_vld  |  out|    1|      ap_vld|                  temp_177_out|       pointer|
|temp_176_out         |  out|   32|      ap_vld|                  temp_176_out|       pointer|
|temp_176_out_ap_vld  |  out|    1|      ap_vld|                  temp_176_out|       pointer|
|temp_175_out         |  out|   32|      ap_vld|                  temp_175_out|       pointer|
|temp_175_out_ap_vld  |  out|    1|      ap_vld|                  temp_175_out|       pointer|
|temp_174_out         |  out|   32|      ap_vld|                  temp_174_out|       pointer|
|temp_174_out_ap_vld  |  out|    1|      ap_vld|                  temp_174_out|       pointer|
|temp_173_out         |  out|   32|      ap_vld|                  temp_173_out|       pointer|
|temp_173_out_ap_vld  |  out|    1|      ap_vld|                  temp_173_out|       pointer|
|temp_172_out         |  out|   32|      ap_vld|                  temp_172_out|       pointer|
|temp_172_out_ap_vld  |  out|    1|      ap_vld|                  temp_172_out|       pointer|
|temp_171_out         |  out|   32|      ap_vld|                  temp_171_out|       pointer|
|temp_171_out_ap_vld  |  out|    1|      ap_vld|                  temp_171_out|       pointer|
|temp_170_out         |  out|   32|      ap_vld|                  temp_170_out|       pointer|
|temp_170_out_ap_vld  |  out|    1|      ap_vld|                  temp_170_out|       pointer|
|temp_169_out         |  out|   32|      ap_vld|                  temp_169_out|       pointer|
|temp_169_out_ap_vld  |  out|    1|      ap_vld|                  temp_169_out|       pointer|
|temp_168_out         |  out|   32|      ap_vld|                  temp_168_out|       pointer|
|temp_168_out_ap_vld  |  out|    1|      ap_vld|                  temp_168_out|       pointer|
|temp_167_out         |  out|   32|      ap_vld|                  temp_167_out|       pointer|
|temp_167_out_ap_vld  |  out|    1|      ap_vld|                  temp_167_out|       pointer|
|temp_166_out         |  out|   32|      ap_vld|                  temp_166_out|       pointer|
|temp_166_out_ap_vld  |  out|    1|      ap_vld|                  temp_166_out|       pointer|
|temp_165_out         |  out|   32|      ap_vld|                  temp_165_out|       pointer|
|temp_165_out_ap_vld  |  out|    1|      ap_vld|                  temp_165_out|       pointer|
|temp_164_out         |  out|   32|      ap_vld|                  temp_164_out|       pointer|
|temp_164_out_ap_vld  |  out|    1|      ap_vld|                  temp_164_out|       pointer|
|temp_163_out         |  out|   32|      ap_vld|                  temp_163_out|       pointer|
|temp_163_out_ap_vld  |  out|    1|      ap_vld|                  temp_163_out|       pointer|
|temp_162_out         |  out|   32|      ap_vld|                  temp_162_out|       pointer|
|temp_162_out_ap_vld  |  out|    1|      ap_vld|                  temp_162_out|       pointer|
|temp_161_out         |  out|   32|      ap_vld|                  temp_161_out|       pointer|
|temp_161_out_ap_vld  |  out|    1|      ap_vld|                  temp_161_out|       pointer|
|temp_160_out         |  out|   32|      ap_vld|                  temp_160_out|       pointer|
|temp_160_out_ap_vld  |  out|    1|      ap_vld|                  temp_160_out|       pointer|
|temp_159_out         |  out|   32|      ap_vld|                  temp_159_out|       pointer|
|temp_159_out_ap_vld  |  out|    1|      ap_vld|                  temp_159_out|       pointer|
|temp_158_out         |  out|   32|      ap_vld|                  temp_158_out|       pointer|
|temp_158_out_ap_vld  |  out|    1|      ap_vld|                  temp_158_out|       pointer|
|temp_157_out         |  out|   32|      ap_vld|                  temp_157_out|       pointer|
|temp_157_out_ap_vld  |  out|    1|      ap_vld|                  temp_157_out|       pointer|
|temp_156_out         |  out|   32|      ap_vld|                  temp_156_out|       pointer|
|temp_156_out_ap_vld  |  out|    1|      ap_vld|                  temp_156_out|       pointer|
|temp_155_out         |  out|   32|      ap_vld|                  temp_155_out|       pointer|
|temp_155_out_ap_vld  |  out|    1|      ap_vld|                  temp_155_out|       pointer|
|temp_154_out         |  out|   32|      ap_vld|                  temp_154_out|       pointer|
|temp_154_out_ap_vld  |  out|    1|      ap_vld|                  temp_154_out|       pointer|
|temp_153_out         |  out|   32|      ap_vld|                  temp_153_out|       pointer|
|temp_153_out_ap_vld  |  out|    1|      ap_vld|                  temp_153_out|       pointer|
|temp_152_out         |  out|   32|      ap_vld|                  temp_152_out|       pointer|
|temp_152_out_ap_vld  |  out|    1|      ap_vld|                  temp_152_out|       pointer|
|temp_151_out         |  out|   32|      ap_vld|                  temp_151_out|       pointer|
|temp_151_out_ap_vld  |  out|    1|      ap_vld|                  temp_151_out|       pointer|
|temp_150_out         |  out|   32|      ap_vld|                  temp_150_out|       pointer|
|temp_150_out_ap_vld  |  out|    1|      ap_vld|                  temp_150_out|       pointer|
|temp_149_out         |  out|   32|      ap_vld|                  temp_149_out|       pointer|
|temp_149_out_ap_vld  |  out|    1|      ap_vld|                  temp_149_out|       pointer|
|temp_148_out         |  out|   32|      ap_vld|                  temp_148_out|       pointer|
|temp_148_out_ap_vld  |  out|    1|      ap_vld|                  temp_148_out|       pointer|
|temp_147_out         |  out|   32|      ap_vld|                  temp_147_out|       pointer|
|temp_147_out_ap_vld  |  out|    1|      ap_vld|                  temp_147_out|       pointer|
|temp_146_out         |  out|   32|      ap_vld|                  temp_146_out|       pointer|
|temp_146_out_ap_vld  |  out|    1|      ap_vld|                  temp_146_out|       pointer|
|temp_145_out         |  out|   32|      ap_vld|                  temp_145_out|       pointer|
|temp_145_out_ap_vld  |  out|    1|      ap_vld|                  temp_145_out|       pointer|
|temp_144_out         |  out|   32|      ap_vld|                  temp_144_out|       pointer|
|temp_144_out_ap_vld  |  out|    1|      ap_vld|                  temp_144_out|       pointer|
|temp_143_out         |  out|   32|      ap_vld|                  temp_143_out|       pointer|
|temp_143_out_ap_vld  |  out|    1|      ap_vld|                  temp_143_out|       pointer|
|temp_142_out         |  out|   32|      ap_vld|                  temp_142_out|       pointer|
|temp_142_out_ap_vld  |  out|    1|      ap_vld|                  temp_142_out|       pointer|
|temp_141_out         |  out|   32|      ap_vld|                  temp_141_out|       pointer|
|temp_141_out_ap_vld  |  out|    1|      ap_vld|                  temp_141_out|       pointer|
|temp_140_out         |  out|   32|      ap_vld|                  temp_140_out|       pointer|
|temp_140_out_ap_vld  |  out|    1|      ap_vld|                  temp_140_out|       pointer|
|temp_139_out         |  out|   32|      ap_vld|                  temp_139_out|       pointer|
|temp_139_out_ap_vld  |  out|    1|      ap_vld|                  temp_139_out|       pointer|
|temp_138_out         |  out|   32|      ap_vld|                  temp_138_out|       pointer|
|temp_138_out_ap_vld  |  out|    1|      ap_vld|                  temp_138_out|       pointer|
|temp_137_out         |  out|   32|      ap_vld|                  temp_137_out|       pointer|
|temp_137_out_ap_vld  |  out|    1|      ap_vld|                  temp_137_out|       pointer|
|temp_136_out         |  out|   32|      ap_vld|                  temp_136_out|       pointer|
|temp_136_out_ap_vld  |  out|    1|      ap_vld|                  temp_136_out|       pointer|
|temp_135_out         |  out|   32|      ap_vld|                  temp_135_out|       pointer|
|temp_135_out_ap_vld  |  out|    1|      ap_vld|                  temp_135_out|       pointer|
|temp_134_out         |  out|   32|      ap_vld|                  temp_134_out|       pointer|
|temp_134_out_ap_vld  |  out|    1|      ap_vld|                  temp_134_out|       pointer|
|temp_133_out         |  out|   32|      ap_vld|                  temp_133_out|       pointer|
|temp_133_out_ap_vld  |  out|    1|      ap_vld|                  temp_133_out|       pointer|
|temp_132_out         |  out|   32|      ap_vld|                  temp_132_out|       pointer|
|temp_132_out_ap_vld  |  out|    1|      ap_vld|                  temp_132_out|       pointer|
|temp_131_out         |  out|   32|      ap_vld|                  temp_131_out|       pointer|
|temp_131_out_ap_vld  |  out|    1|      ap_vld|                  temp_131_out|       pointer|
|temp_130_out         |  out|   32|      ap_vld|                  temp_130_out|       pointer|
|temp_130_out_ap_vld  |  out|    1|      ap_vld|                  temp_130_out|       pointer|
|temp_129_out         |  out|   32|      ap_vld|                  temp_129_out|       pointer|
|temp_129_out_ap_vld  |  out|    1|      ap_vld|                  temp_129_out|       pointer|
|temp_128_out         |  out|   32|      ap_vld|                  temp_128_out|       pointer|
|temp_128_out_ap_vld  |  out|    1|      ap_vld|                  temp_128_out|       pointer|
|temp_127_out         |  out|   32|      ap_vld|                  temp_127_out|       pointer|
|temp_127_out_ap_vld  |  out|    1|      ap_vld|                  temp_127_out|       pointer|
|temp_126_out         |  out|   32|      ap_vld|                  temp_126_out|       pointer|
|temp_126_out_ap_vld  |  out|    1|      ap_vld|                  temp_126_out|       pointer|
|temp_125_out         |  out|   32|      ap_vld|                  temp_125_out|       pointer|
|temp_125_out_ap_vld  |  out|    1|      ap_vld|                  temp_125_out|       pointer|
|temp_124_out         |  out|   32|      ap_vld|                  temp_124_out|       pointer|
|temp_124_out_ap_vld  |  out|    1|      ap_vld|                  temp_124_out|       pointer|
|temp_123_out         |  out|   32|      ap_vld|                  temp_123_out|       pointer|
|temp_123_out_ap_vld  |  out|    1|      ap_vld|                  temp_123_out|       pointer|
|temp_122_out         |  out|   32|      ap_vld|                  temp_122_out|       pointer|
|temp_122_out_ap_vld  |  out|    1|      ap_vld|                  temp_122_out|       pointer|
|temp_121_out         |  out|   32|      ap_vld|                  temp_121_out|       pointer|
|temp_121_out_ap_vld  |  out|    1|      ap_vld|                  temp_121_out|       pointer|
|temp_120_out         |  out|   32|      ap_vld|                  temp_120_out|       pointer|
|temp_120_out_ap_vld  |  out|    1|      ap_vld|                  temp_120_out|       pointer|
|temp_119_out         |  out|   32|      ap_vld|                  temp_119_out|       pointer|
|temp_119_out_ap_vld  |  out|    1|      ap_vld|                  temp_119_out|       pointer|
|temp_118_out         |  out|   32|      ap_vld|                  temp_118_out|       pointer|
|temp_118_out_ap_vld  |  out|    1|      ap_vld|                  temp_118_out|       pointer|
|temp_117_out         |  out|   32|      ap_vld|                  temp_117_out|       pointer|
|temp_117_out_ap_vld  |  out|    1|      ap_vld|                  temp_117_out|       pointer|
|temp_116_out         |  out|   32|      ap_vld|                  temp_116_out|       pointer|
|temp_116_out_ap_vld  |  out|    1|      ap_vld|                  temp_116_out|       pointer|
|temp_115_out         |  out|   32|      ap_vld|                  temp_115_out|       pointer|
|temp_115_out_ap_vld  |  out|    1|      ap_vld|                  temp_115_out|       pointer|
|temp_114_out         |  out|   32|      ap_vld|                  temp_114_out|       pointer|
|temp_114_out_ap_vld  |  out|    1|      ap_vld|                  temp_114_out|       pointer|
|temp_113_out         |  out|   32|      ap_vld|                  temp_113_out|       pointer|
|temp_113_out_ap_vld  |  out|    1|      ap_vld|                  temp_113_out|       pointer|
|temp_112_out         |  out|   32|      ap_vld|                  temp_112_out|       pointer|
|temp_112_out_ap_vld  |  out|    1|      ap_vld|                  temp_112_out|       pointer|
|temp_111_out         |  out|   32|      ap_vld|                  temp_111_out|       pointer|
|temp_111_out_ap_vld  |  out|    1|      ap_vld|                  temp_111_out|       pointer|
|temp_110_out         |  out|   32|      ap_vld|                  temp_110_out|       pointer|
|temp_110_out_ap_vld  |  out|    1|      ap_vld|                  temp_110_out|       pointer|
|temp_109_out         |  out|   32|      ap_vld|                  temp_109_out|       pointer|
|temp_109_out_ap_vld  |  out|    1|      ap_vld|                  temp_109_out|       pointer|
|temp_108_out         |  out|   32|      ap_vld|                  temp_108_out|       pointer|
|temp_108_out_ap_vld  |  out|    1|      ap_vld|                  temp_108_out|       pointer|
|temp_107_out         |  out|   32|      ap_vld|                  temp_107_out|       pointer|
|temp_107_out_ap_vld  |  out|    1|      ap_vld|                  temp_107_out|       pointer|
|temp_106_out         |  out|   32|      ap_vld|                  temp_106_out|       pointer|
|temp_106_out_ap_vld  |  out|    1|      ap_vld|                  temp_106_out|       pointer|
|temp_105_out         |  out|   32|      ap_vld|                  temp_105_out|       pointer|
|temp_105_out_ap_vld  |  out|    1|      ap_vld|                  temp_105_out|       pointer|
|temp_104_out         |  out|   32|      ap_vld|                  temp_104_out|       pointer|
|temp_104_out_ap_vld  |  out|    1|      ap_vld|                  temp_104_out|       pointer|
|temp_103_out         |  out|   32|      ap_vld|                  temp_103_out|       pointer|
|temp_103_out_ap_vld  |  out|    1|      ap_vld|                  temp_103_out|       pointer|
|temp_102_out         |  out|   32|      ap_vld|                  temp_102_out|       pointer|
|temp_102_out_ap_vld  |  out|    1|      ap_vld|                  temp_102_out|       pointer|
|temp_101_out         |  out|   32|      ap_vld|                  temp_101_out|       pointer|
|temp_101_out_ap_vld  |  out|    1|      ap_vld|                  temp_101_out|       pointer|
|temp_100_out         |  out|   32|      ap_vld|                  temp_100_out|       pointer|
|temp_100_out_ap_vld  |  out|    1|      ap_vld|                  temp_100_out|       pointer|
|temp_99_out          |  out|   32|      ap_vld|                   temp_99_out|       pointer|
|temp_99_out_ap_vld   |  out|    1|      ap_vld|                   temp_99_out|       pointer|
|temp_98_out          |  out|   32|      ap_vld|                   temp_98_out|       pointer|
|temp_98_out_ap_vld   |  out|    1|      ap_vld|                   temp_98_out|       pointer|
|temp_97_out          |  out|   32|      ap_vld|                   temp_97_out|       pointer|
|temp_97_out_ap_vld   |  out|    1|      ap_vld|                   temp_97_out|       pointer|
|temp_96_out          |  out|   32|      ap_vld|                   temp_96_out|       pointer|
|temp_96_out_ap_vld   |  out|    1|      ap_vld|                   temp_96_out|       pointer|
|temp_95_out          |  out|   32|      ap_vld|                   temp_95_out|       pointer|
|temp_95_out_ap_vld   |  out|    1|      ap_vld|                   temp_95_out|       pointer|
|temp_94_out          |  out|   32|      ap_vld|                   temp_94_out|       pointer|
|temp_94_out_ap_vld   |  out|    1|      ap_vld|                   temp_94_out|       pointer|
|temp_93_out          |  out|   32|      ap_vld|                   temp_93_out|       pointer|
|temp_93_out_ap_vld   |  out|    1|      ap_vld|                   temp_93_out|       pointer|
|temp_92_out          |  out|   32|      ap_vld|                   temp_92_out|       pointer|
|temp_92_out_ap_vld   |  out|    1|      ap_vld|                   temp_92_out|       pointer|
|temp_91_out          |  out|   32|      ap_vld|                   temp_91_out|       pointer|
|temp_91_out_ap_vld   |  out|    1|      ap_vld|                   temp_91_out|       pointer|
|temp_90_out          |  out|   32|      ap_vld|                   temp_90_out|       pointer|
|temp_90_out_ap_vld   |  out|    1|      ap_vld|                   temp_90_out|       pointer|
|temp_89_out          |  out|   32|      ap_vld|                   temp_89_out|       pointer|
|temp_89_out_ap_vld   |  out|    1|      ap_vld|                   temp_89_out|       pointer|
|temp_88_out          |  out|   32|      ap_vld|                   temp_88_out|       pointer|
|temp_88_out_ap_vld   |  out|    1|      ap_vld|                   temp_88_out|       pointer|
|temp_87_out          |  out|   32|      ap_vld|                   temp_87_out|       pointer|
|temp_87_out_ap_vld   |  out|    1|      ap_vld|                   temp_87_out|       pointer|
|temp_86_out          |  out|   32|      ap_vld|                   temp_86_out|       pointer|
|temp_86_out_ap_vld   |  out|    1|      ap_vld|                   temp_86_out|       pointer|
|temp_85_out          |  out|   32|      ap_vld|                   temp_85_out|       pointer|
|temp_85_out_ap_vld   |  out|    1|      ap_vld|                   temp_85_out|       pointer|
|temp_84_out          |  out|   32|      ap_vld|                   temp_84_out|       pointer|
|temp_84_out_ap_vld   |  out|    1|      ap_vld|                   temp_84_out|       pointer|
|temp_83_out          |  out|   32|      ap_vld|                   temp_83_out|       pointer|
|temp_83_out_ap_vld   |  out|    1|      ap_vld|                   temp_83_out|       pointer|
|temp_82_out          |  out|   32|      ap_vld|                   temp_82_out|       pointer|
|temp_82_out_ap_vld   |  out|    1|      ap_vld|                   temp_82_out|       pointer|
|temp_81_out          |  out|   32|      ap_vld|                   temp_81_out|       pointer|
|temp_81_out_ap_vld   |  out|    1|      ap_vld|                   temp_81_out|       pointer|
|temp_80_out          |  out|   32|      ap_vld|                   temp_80_out|       pointer|
|temp_80_out_ap_vld   |  out|    1|      ap_vld|                   temp_80_out|       pointer|
|temp_79_out          |  out|   32|      ap_vld|                   temp_79_out|       pointer|
|temp_79_out_ap_vld   |  out|    1|      ap_vld|                   temp_79_out|       pointer|
|temp_78_out          |  out|   32|      ap_vld|                   temp_78_out|       pointer|
|temp_78_out_ap_vld   |  out|    1|      ap_vld|                   temp_78_out|       pointer|
|temp_77_out          |  out|   32|      ap_vld|                   temp_77_out|       pointer|
|temp_77_out_ap_vld   |  out|    1|      ap_vld|                   temp_77_out|       pointer|
|temp_76_out          |  out|   32|      ap_vld|                   temp_76_out|       pointer|
|temp_76_out_ap_vld   |  out|    1|      ap_vld|                   temp_76_out|       pointer|
|temp_75_out          |  out|   32|      ap_vld|                   temp_75_out|       pointer|
|temp_75_out_ap_vld   |  out|    1|      ap_vld|                   temp_75_out|       pointer|
|temp_74_out          |  out|   32|      ap_vld|                   temp_74_out|       pointer|
|temp_74_out_ap_vld   |  out|    1|      ap_vld|                   temp_74_out|       pointer|
|temp_73_out          |  out|   32|      ap_vld|                   temp_73_out|       pointer|
|temp_73_out_ap_vld   |  out|    1|      ap_vld|                   temp_73_out|       pointer|
|temp_72_out          |  out|   32|      ap_vld|                   temp_72_out|       pointer|
|temp_72_out_ap_vld   |  out|    1|      ap_vld|                   temp_72_out|       pointer|
|temp_71_out          |  out|   32|      ap_vld|                   temp_71_out|       pointer|
|temp_71_out_ap_vld   |  out|    1|      ap_vld|                   temp_71_out|       pointer|
|temp_70_out          |  out|   32|      ap_vld|                   temp_70_out|       pointer|
|temp_70_out_ap_vld   |  out|    1|      ap_vld|                   temp_70_out|       pointer|
|temp_69_out          |  out|   32|      ap_vld|                   temp_69_out|       pointer|
|temp_69_out_ap_vld   |  out|    1|      ap_vld|                   temp_69_out|       pointer|
|temp_68_out          |  out|   32|      ap_vld|                   temp_68_out|       pointer|
|temp_68_out_ap_vld   |  out|    1|      ap_vld|                   temp_68_out|       pointer|
|temp_67_out          |  out|   32|      ap_vld|                   temp_67_out|       pointer|
|temp_67_out_ap_vld   |  out|    1|      ap_vld|                   temp_67_out|       pointer|
|temp_66_out          |  out|   32|      ap_vld|                   temp_66_out|       pointer|
|temp_66_out_ap_vld   |  out|    1|      ap_vld|                   temp_66_out|       pointer|
|temp_65_out          |  out|   32|      ap_vld|                   temp_65_out|       pointer|
|temp_65_out_ap_vld   |  out|    1|      ap_vld|                   temp_65_out|       pointer|
|temp_64_out          |  out|   32|      ap_vld|                   temp_64_out|       pointer|
|temp_64_out_ap_vld   |  out|    1|      ap_vld|                   temp_64_out|       pointer|
|temp_63_out          |  out|   32|      ap_vld|                   temp_63_out|       pointer|
|temp_63_out_ap_vld   |  out|    1|      ap_vld|                   temp_63_out|       pointer|
|temp_62_out          |  out|   32|      ap_vld|                   temp_62_out|       pointer|
|temp_62_out_ap_vld   |  out|    1|      ap_vld|                   temp_62_out|       pointer|
|temp_61_out          |  out|   32|      ap_vld|                   temp_61_out|       pointer|
|temp_61_out_ap_vld   |  out|    1|      ap_vld|                   temp_61_out|       pointer|
|temp_60_out          |  out|   32|      ap_vld|                   temp_60_out|       pointer|
|temp_60_out_ap_vld   |  out|    1|      ap_vld|                   temp_60_out|       pointer|
|temp_59_out          |  out|   32|      ap_vld|                   temp_59_out|       pointer|
|temp_59_out_ap_vld   |  out|    1|      ap_vld|                   temp_59_out|       pointer|
|temp_58_out          |  out|   32|      ap_vld|                   temp_58_out|       pointer|
|temp_58_out_ap_vld   |  out|    1|      ap_vld|                   temp_58_out|       pointer|
|temp_57_out          |  out|   32|      ap_vld|                   temp_57_out|       pointer|
|temp_57_out_ap_vld   |  out|    1|      ap_vld|                   temp_57_out|       pointer|
|temp_56_out          |  out|   32|      ap_vld|                   temp_56_out|       pointer|
|temp_56_out_ap_vld   |  out|    1|      ap_vld|                   temp_56_out|       pointer|
|temp_55_out          |  out|   32|      ap_vld|                   temp_55_out|       pointer|
|temp_55_out_ap_vld   |  out|    1|      ap_vld|                   temp_55_out|       pointer|
|temp_54_out          |  out|   32|      ap_vld|                   temp_54_out|       pointer|
|temp_54_out_ap_vld   |  out|    1|      ap_vld|                   temp_54_out|       pointer|
|temp_53_out          |  out|   32|      ap_vld|                   temp_53_out|       pointer|
|temp_53_out_ap_vld   |  out|    1|      ap_vld|                   temp_53_out|       pointer|
|temp_52_out          |  out|   32|      ap_vld|                   temp_52_out|       pointer|
|temp_52_out_ap_vld   |  out|    1|      ap_vld|                   temp_52_out|       pointer|
|temp_51_out          |  out|   32|      ap_vld|                   temp_51_out|       pointer|
|temp_51_out_ap_vld   |  out|    1|      ap_vld|                   temp_51_out|       pointer|
|temp_50_out          |  out|   32|      ap_vld|                   temp_50_out|       pointer|
|temp_50_out_ap_vld   |  out|    1|      ap_vld|                   temp_50_out|       pointer|
|temp_49_out          |  out|   32|      ap_vld|                   temp_49_out|       pointer|
|temp_49_out_ap_vld   |  out|    1|      ap_vld|                   temp_49_out|       pointer|
|temp_48_out          |  out|   32|      ap_vld|                   temp_48_out|       pointer|
|temp_48_out_ap_vld   |  out|    1|      ap_vld|                   temp_48_out|       pointer|
|temp_47_out          |  out|   32|      ap_vld|                   temp_47_out|       pointer|
|temp_47_out_ap_vld   |  out|    1|      ap_vld|                   temp_47_out|       pointer|
|temp_46_out          |  out|   32|      ap_vld|                   temp_46_out|       pointer|
|temp_46_out_ap_vld   |  out|    1|      ap_vld|                   temp_46_out|       pointer|
|temp_45_out          |  out|   32|      ap_vld|                   temp_45_out|       pointer|
|temp_45_out_ap_vld   |  out|    1|      ap_vld|                   temp_45_out|       pointer|
|temp_44_out          |  out|   32|      ap_vld|                   temp_44_out|       pointer|
|temp_44_out_ap_vld   |  out|    1|      ap_vld|                   temp_44_out|       pointer|
|temp_43_out          |  out|   32|      ap_vld|                   temp_43_out|       pointer|
|temp_43_out_ap_vld   |  out|    1|      ap_vld|                   temp_43_out|       pointer|
|temp_42_out          |  out|   32|      ap_vld|                   temp_42_out|       pointer|
|temp_42_out_ap_vld   |  out|    1|      ap_vld|                   temp_42_out|       pointer|
|temp_41_out          |  out|   32|      ap_vld|                   temp_41_out|       pointer|
|temp_41_out_ap_vld   |  out|    1|      ap_vld|                   temp_41_out|       pointer|
|temp_40_out          |  out|   32|      ap_vld|                   temp_40_out|       pointer|
|temp_40_out_ap_vld   |  out|    1|      ap_vld|                   temp_40_out|       pointer|
|temp_39_out          |  out|   32|      ap_vld|                   temp_39_out|       pointer|
|temp_39_out_ap_vld   |  out|    1|      ap_vld|                   temp_39_out|       pointer|
|temp_38_out          |  out|   32|      ap_vld|                   temp_38_out|       pointer|
|temp_38_out_ap_vld   |  out|    1|      ap_vld|                   temp_38_out|       pointer|
|temp_37_out          |  out|   32|      ap_vld|                   temp_37_out|       pointer|
|temp_37_out_ap_vld   |  out|    1|      ap_vld|                   temp_37_out|       pointer|
|temp_36_out          |  out|   32|      ap_vld|                   temp_36_out|       pointer|
|temp_36_out_ap_vld   |  out|    1|      ap_vld|                   temp_36_out|       pointer|
|temp_35_out          |  out|   32|      ap_vld|                   temp_35_out|       pointer|
|temp_35_out_ap_vld   |  out|    1|      ap_vld|                   temp_35_out|       pointer|
|temp_34_out          |  out|   32|      ap_vld|                   temp_34_out|       pointer|
|temp_34_out_ap_vld   |  out|    1|      ap_vld|                   temp_34_out|       pointer|
|temp_33_out          |  out|   32|      ap_vld|                   temp_33_out|       pointer|
|temp_33_out_ap_vld   |  out|    1|      ap_vld|                   temp_33_out|       pointer|
|temp_32_out          |  out|   32|      ap_vld|                   temp_32_out|       pointer|
|temp_32_out_ap_vld   |  out|    1|      ap_vld|                   temp_32_out|       pointer|
|temp_31_out          |  out|   32|      ap_vld|                   temp_31_out|       pointer|
|temp_31_out_ap_vld   |  out|    1|      ap_vld|                   temp_31_out|       pointer|
|temp_30_out          |  out|   32|      ap_vld|                   temp_30_out|       pointer|
|temp_30_out_ap_vld   |  out|    1|      ap_vld|                   temp_30_out|       pointer|
|temp_29_out          |  out|   32|      ap_vld|                   temp_29_out|       pointer|
|temp_29_out_ap_vld   |  out|    1|      ap_vld|                   temp_29_out|       pointer|
|temp_28_out          |  out|   32|      ap_vld|                   temp_28_out|       pointer|
|temp_28_out_ap_vld   |  out|    1|      ap_vld|                   temp_28_out|       pointer|
|temp_27_out          |  out|   32|      ap_vld|                   temp_27_out|       pointer|
|temp_27_out_ap_vld   |  out|    1|      ap_vld|                   temp_27_out|       pointer|
|temp_26_out          |  out|   32|      ap_vld|                   temp_26_out|       pointer|
|temp_26_out_ap_vld   |  out|    1|      ap_vld|                   temp_26_out|       pointer|
|temp_25_out          |  out|   32|      ap_vld|                   temp_25_out|       pointer|
|temp_25_out_ap_vld   |  out|    1|      ap_vld|                   temp_25_out|       pointer|
|temp_24_out          |  out|   32|      ap_vld|                   temp_24_out|       pointer|
|temp_24_out_ap_vld   |  out|    1|      ap_vld|                   temp_24_out|       pointer|
|temp_23_out          |  out|   32|      ap_vld|                   temp_23_out|       pointer|
|temp_23_out_ap_vld   |  out|    1|      ap_vld|                   temp_23_out|       pointer|
|temp_22_out          |  out|   32|      ap_vld|                   temp_22_out|       pointer|
|temp_22_out_ap_vld   |  out|    1|      ap_vld|                   temp_22_out|       pointer|
|temp_21_out          |  out|   32|      ap_vld|                   temp_21_out|       pointer|
|temp_21_out_ap_vld   |  out|    1|      ap_vld|                   temp_21_out|       pointer|
|temp_20_out          |  out|   32|      ap_vld|                   temp_20_out|       pointer|
|temp_20_out_ap_vld   |  out|    1|      ap_vld|                   temp_20_out|       pointer|
|temp_19_out          |  out|   32|      ap_vld|                   temp_19_out|       pointer|
|temp_19_out_ap_vld   |  out|    1|      ap_vld|                   temp_19_out|       pointer|
|temp_18_out          |  out|   32|      ap_vld|                   temp_18_out|       pointer|
|temp_18_out_ap_vld   |  out|    1|      ap_vld|                   temp_18_out|       pointer|
|temp_17_out          |  out|   32|      ap_vld|                   temp_17_out|       pointer|
|temp_17_out_ap_vld   |  out|    1|      ap_vld|                   temp_17_out|       pointer|
|temp_16_out          |  out|   32|      ap_vld|                   temp_16_out|       pointer|
|temp_16_out_ap_vld   |  out|    1|      ap_vld|                   temp_16_out|       pointer|
|temp_15_out          |  out|   32|      ap_vld|                   temp_15_out|       pointer|
|temp_15_out_ap_vld   |  out|    1|      ap_vld|                   temp_15_out|       pointer|
|temp_14_out          |  out|   32|      ap_vld|                   temp_14_out|       pointer|
|temp_14_out_ap_vld   |  out|    1|      ap_vld|                   temp_14_out|       pointer|
|temp_13_out          |  out|   32|      ap_vld|                   temp_13_out|       pointer|
|temp_13_out_ap_vld   |  out|    1|      ap_vld|                   temp_13_out|       pointer|
|temp_12_out          |  out|   32|      ap_vld|                   temp_12_out|       pointer|
|temp_12_out_ap_vld   |  out|    1|      ap_vld|                   temp_12_out|       pointer|
|temp_11_out          |  out|   32|      ap_vld|                   temp_11_out|       pointer|
|temp_11_out_ap_vld   |  out|    1|      ap_vld|                   temp_11_out|       pointer|
|temp_10_out          |  out|   32|      ap_vld|                   temp_10_out|       pointer|
|temp_10_out_ap_vld   |  out|    1|      ap_vld|                   temp_10_out|       pointer|
|temp_9_out           |  out|   32|      ap_vld|                    temp_9_out|       pointer|
|temp_9_out_ap_vld    |  out|    1|      ap_vld|                    temp_9_out|       pointer|
|temp_8_out           |  out|   32|      ap_vld|                    temp_8_out|       pointer|
|temp_8_out_ap_vld    |  out|    1|      ap_vld|                    temp_8_out|       pointer|
|temp_7_out           |  out|   32|      ap_vld|                    temp_7_out|       pointer|
|temp_7_out_ap_vld    |  out|    1|      ap_vld|                    temp_7_out|       pointer|
|temp_6_out           |  out|   32|      ap_vld|                    temp_6_out|       pointer|
|temp_6_out_ap_vld    |  out|    1|      ap_vld|                    temp_6_out|       pointer|
|temp_5_out           |  out|   32|      ap_vld|                    temp_5_out|       pointer|
|temp_5_out_ap_vld    |  out|    1|      ap_vld|                    temp_5_out|       pointer|
|temp_4_out           |  out|   32|      ap_vld|                    temp_4_out|       pointer|
|temp_4_out_ap_vld    |  out|    1|      ap_vld|                    temp_4_out|       pointer|
|temp_3_out           |  out|   32|      ap_vld|                    temp_3_out|       pointer|
|temp_3_out_ap_vld    |  out|    1|      ap_vld|                    temp_3_out|       pointer|
|temp_2_out           |  out|   32|      ap_vld|                    temp_2_out|       pointer|
|temp_2_out_ap_vld    |  out|    1|      ap_vld|                    temp_2_out|       pointer|
|temp_1_out           |  out|   32|      ap_vld|                    temp_1_out|       pointer|
|temp_1_out_ap_vld    |  out|    1|      ap_vld|                    temp_1_out|       pointer|
|temp_out             |  out|   32|      ap_vld|                      temp_out|       pointer|
|temp_out_ap_vld      |  out|    1|      ap_vld|                      temp_out|       pointer|
+---------------------+-----+-----+------------+------------------------------+--------------+

