

================================================================
== Vitis HLS Report for 'dft_Pipeline_VITIS_LOOP_18_1'
================================================================
* Date:           Fri Oct 21 18:31:59 2022

* Version:        2022.1 (Build 3526262 on Mon Apr 18 15:48:16 MDT 2022)
* Project:        dft_256_v2
* Solution:       solution2 (Vivado IP Flow Target)
* Product family: zynq
* Target device:  xc7z020-clg484-1


================================================================
== Performance Estimates
================================================================
+ Timing: 
    * Summary: 
    +--------+----------+----------+------------+
    |  Clock |  Target  | Estimated| Uncertainty|
    +--------+----------+----------+------------+
    |ap_clk  |  10.00 ns|  5.458 ns|     2.70 ns|
    +--------+----------+----------+------------+

+ Latency: 
    * Summary: 
    +---------+---------+----------+----------+-----+-----+---------+
    |  Latency (cycles) |  Latency (absolute) |  Interval | Pipeline|
    |   min   |   max   |    min   |    max   | min | max |   Type  |
    +---------+---------+----------+----------+-----+-----+---------+
    |      258|      258|  2.580 us|  2.580 us|  258|  258|       no|
    +---------+---------+----------+----------+-----+-----+---------+

    + Detail: 
        * Instance: 
        N/A

        * Loop: 
        +-------------------+---------+---------+----------+-----------+-----------+------+----------+
        |                   |  Latency (cycles) | Iteration|  Initiation Interval  | Trip |          |
        |     Loop Name     |   min   |   max   |  Latency |  achieved |   target  | Count| Pipelined|
        +-------------------+---------+---------+----------+-----------+-----------+------+----------+
        |- VITIS_LOOP_18_1  |      256|      256|         2|          1|          1|   256|       yes|
        +-------------------+---------+---------+----------+-----------+-----------+------+----------+



================================================================
== Utilization Estimates
================================================================
* Summary: 
+-----------------+---------+-----+--------+-------+-----+
|       Name      | BRAM_18K| DSP |   FF   |  LUT  | URAM|
+-----------------+---------+-----+--------+-------+-----+
|DSP              |        -|    -|       -|      -|    -|
|Expression       |        -|    -|       0|     27|    -|
|FIFO             |        -|    -|       -|      -|    -|
|Instance         |        -|    -|       0|    273|    -|
|Memory           |        -|    -|       -|      -|    -|
|Multiplexer      |        -|    -|       -|     36|    -|
|Register         |        -|    -|    8212|      -|    -|
+-----------------+---------+-----+--------+-------+-----+
|Total            |        0|    0|    8212|    336|    0|
+-----------------+---------+-----+--------+-------+-----+
|Available        |      280|  220|  106400|  53200|    0|
+-----------------+---------+-----+--------+-------+-----+
|Utilization (%)  |        0|    0|       7|     ~0|    0|
+-----------------+---------+-----+--------+-------+-----+

+ Detail: 
    * Instance: 
    +-------------------+----------------+---------+----+---+-----+-----+
    |      Instance     |     Module     | BRAM_18K| DSP| FF| LUT | URAM|
    +-------------------+----------------+---------+----+---+-----+-----+
    |mux_646_32_1_1_U1  |mux_646_32_1_1  |        0|   0|  0|  273|    0|
    +-------------------+----------------+---------+----+---+-----+-----+
    |Total              |                |        0|   0|  0|  273|    0|
    +-------------------+----------------+---------+----+---+-----+-----+

    * DSP: 
    N/A

    * Memory: 
    N/A

    * FIFO: 
    N/A

    * Expression: 
    +----------------------+----------+----+---+----+------------+------------+
    |     Variable Name    | Operation| DSP| FF| LUT| Bitwidth P0| Bitwidth P1|
    +----------------------+----------+----+---+----+------------+------------+
    |add_ln18_fu_4480_p2   |         +|   0|  0|  14|           9|           1|
    |icmp_ln18_fu_4474_p2  |      icmp|   0|  0|  11|           9|          10|
    |ap_enable_pp0         |       xor|   0|  0|   2|           1|           2|
    +----------------------+----------+----+---+----+------------+------------+
    |Total                 |          |   0|  0|  27|          19|          13|
    +----------------------+----------+----+---+----+------------+------------+

    * Multiplexer: 
    +-------------------------+----+-----------+-----+-----------+
    |           Name          | LUT| Input Size| Bits| Total Bits|
    +-------------------------+----+-----------+-----+-----------+
    |ap_done_int              |   9|          2|    1|          2|
    |ap_enable_reg_pp0_iter1  |   9|          2|    1|          2|
    |ap_sig_allocacmp_n_2     |   9|          2|    9|         18|
    |n_fu_814                 |   9|          2|    9|         18|
    +-------------------------+----+-----------+-----+-----------+
    |Total                    |  36|          8|   20|         40|
    +-------------------------+----+-----------+-----+-----------+

    * Register: 
    +-------------------------+----+----+-----+-----------+
    |           Name          | FF | LUT| Bits| Const Bits|
    +-------------------------+----+----+-----+-----------+
    |ap_CS_fsm                |   1|   0|    1|          0|
    |ap_done_reg              |   1|   0|    1|          0|
    |ap_enable_reg_pp0_iter1  |   1|   0|    1|          0|
    |empty_11_reg_8812        |   2|   0|    2|          0|
    |lshr_ln_reg_8816         |   6|   0|    6|          0|
    |n_fu_814                 |   9|   0|    9|          0|
    |temp_1_100_fu_1218       |  32|   0|   32|          0|
    |temp_1_101_fu_1222       |  32|   0|   32|          0|
    |temp_1_102_fu_1226       |  32|   0|   32|          0|
    |temp_1_103_fu_1230       |  32|   0|   32|          0|
    |temp_1_104_fu_1234       |  32|   0|   32|          0|
    |temp_1_105_fu_1238       |  32|   0|   32|          0|
    |temp_1_106_fu_1242       |  32|   0|   32|          0|
    |temp_1_107_fu_1246       |  32|   0|   32|          0|
    |temp_1_108_fu_1250       |  32|   0|   32|          0|
    |temp_1_109_fu_1254       |  32|   0|   32|          0|
    |temp_1_10_fu_858         |  32|   0|   32|          0|
    |temp_1_110_fu_1258       |  32|   0|   32|          0|
    |temp_1_111_fu_1262       |  32|   0|   32|          0|
    |temp_1_112_fu_1266       |  32|   0|   32|          0|
    |temp_1_113_fu_1270       |  32|   0|   32|          0|
    |temp_1_114_fu_1274       |  32|   0|   32|          0|
    |temp_1_115_fu_1278       |  32|   0|   32|          0|
    |temp_1_116_fu_1282       |  32|   0|   32|          0|
    |temp_1_117_fu_1286       |  32|   0|   32|          0|
    |temp_1_118_fu_1290       |  32|   0|   32|          0|
    |temp_1_119_fu_1294       |  32|   0|   32|          0|
    |temp_1_11_fu_862         |  32|   0|   32|          0|
    |temp_1_120_fu_1298       |  32|   0|   32|          0|
    |temp_1_121_fu_1302       |  32|   0|   32|          0|
    |temp_1_122_fu_1306       |  32|   0|   32|          0|
    |temp_1_123_fu_1310       |  32|   0|   32|          0|
    |temp_1_124_fu_1314       |  32|   0|   32|          0|
    |temp_1_125_fu_1318       |  32|   0|   32|          0|
    |temp_1_126_fu_1322       |  32|   0|   32|          0|
    |temp_1_127_fu_1326       |  32|   0|   32|          0|
    |temp_1_128_fu_1330       |  32|   0|   32|          0|
    |temp_1_129_fu_1334       |  32|   0|   32|          0|
    |temp_1_12_fu_866         |  32|   0|   32|          0|
    |temp_1_130_fu_1338       |  32|   0|   32|          0|
    |temp_1_131_fu_1342       |  32|   0|   32|          0|
    |temp_1_132_fu_1346       |  32|   0|   32|          0|
    |temp_1_133_fu_1350       |  32|   0|   32|          0|
    |temp_1_134_fu_1354       |  32|   0|   32|          0|
    |temp_1_135_fu_1358       |  32|   0|   32|          0|
    |temp_1_136_fu_1362       |  32|   0|   32|          0|
    |temp_1_137_fu_1366       |  32|   0|   32|          0|
    |temp_1_138_fu_1370       |  32|   0|   32|          0|
    |temp_1_139_fu_1374       |  32|   0|   32|          0|
    |temp_1_13_fu_870         |  32|   0|   32|          0|
    |temp_1_140_fu_1378       |  32|   0|   32|          0|
    |temp_1_141_fu_1382       |  32|   0|   32|          0|
    |temp_1_142_fu_1386       |  32|   0|   32|          0|
    |temp_1_143_fu_1390       |  32|   0|   32|          0|
    |temp_1_144_fu_1394       |  32|   0|   32|          0|
    |temp_1_145_fu_1398       |  32|   0|   32|          0|
    |temp_1_146_fu_1402       |  32|   0|   32|          0|
    |temp_1_147_fu_1406       |  32|   0|   32|          0|
    |temp_1_148_fu_1410       |  32|   0|   32|          0|
    |temp_1_149_fu_1414       |  32|   0|   32|          0|
    |temp_1_14_fu_874         |  32|   0|   32|          0|
    |temp_1_150_fu_1418       |  32|   0|   32|          0|
    |temp_1_151_fu_1422       |  32|   0|   32|          0|
    |temp_1_152_fu_1426       |  32|   0|   32|          0|
    |temp_1_153_fu_1430       |  32|   0|   32|          0|
    |temp_1_154_fu_1434       |  32|   0|   32|          0|
    |temp_1_155_fu_1438       |  32|   0|   32|          0|
    |temp_1_156_fu_1442       |  32|   0|   32|          0|
    |temp_1_157_fu_1446       |  32|   0|   32|          0|
    |temp_1_158_fu_1450       |  32|   0|   32|          0|
    |temp_1_159_fu_1454       |  32|   0|   32|          0|
    |temp_1_15_fu_878         |  32|   0|   32|          0|
    |temp_1_160_fu_1458       |  32|   0|   32|          0|
    |temp_1_161_fu_1462       |  32|   0|   32|          0|
    |temp_1_162_fu_1466       |  32|   0|   32|          0|
    |temp_1_163_fu_1470       |  32|   0|   32|          0|
    |temp_1_164_fu_1474       |  32|   0|   32|          0|
    |temp_1_165_fu_1478       |  32|   0|   32|          0|
    |temp_1_166_fu_1482       |  32|   0|   32|          0|
    |temp_1_167_fu_1486       |  32|   0|   32|          0|
    |temp_1_168_fu_1490       |  32|   0|   32|          0|
    |temp_1_169_fu_1494       |  32|   0|   32|          0|
    |temp_1_16_fu_882         |  32|   0|   32|          0|
    |temp_1_170_fu_1498       |  32|   0|   32|          0|
    |temp_1_171_fu_1502       |  32|   0|   32|          0|
    |temp_1_172_fu_1506       |  32|   0|   32|          0|
    |temp_1_173_fu_1510       |  32|   0|   32|          0|
    |temp_1_174_fu_1514       |  32|   0|   32|          0|
    |temp_1_175_fu_1518       |  32|   0|   32|          0|
    |temp_1_176_fu_1522       |  32|   0|   32|          0|
    |temp_1_177_fu_1526       |  32|   0|   32|          0|
    |temp_1_178_fu_1530       |  32|   0|   32|          0|
    |temp_1_179_fu_1534       |  32|   0|   32|          0|
    |temp_1_17_fu_886         |  32|   0|   32|          0|
    |temp_1_180_fu_1538       |  32|   0|   32|          0|
    |temp_1_181_fu_1542       |  32|   0|   32|          0|
    |temp_1_182_fu_1546       |  32|   0|   32|          0|
    |temp_1_183_fu_1550       |  32|   0|   32|          0|
    |temp_1_184_fu_1554       |  32|   0|   32|          0|
    |temp_1_185_fu_1558       |  32|   0|   32|          0|
    |temp_1_186_fu_1562       |  32|   0|   32|          0|
    |temp_1_187_fu_1566       |  32|   0|   32|          0|
    |temp_1_188_fu_1570       |  32|   0|   32|          0|
    |temp_1_189_fu_1574       |  32|   0|   32|          0|
    |temp_1_18_fu_890         |  32|   0|   32|          0|
    |temp_1_190_fu_1578       |  32|   0|   32|          0|
    |temp_1_191_fu_1582       |  32|   0|   32|          0|
    |temp_1_192_fu_1586       |  32|   0|   32|          0|
    |temp_1_193_fu_1590       |  32|   0|   32|          0|
    |temp_1_194_fu_1594       |  32|   0|   32|          0|
    |temp_1_195_fu_1598       |  32|   0|   32|          0|
    |temp_1_196_fu_1602       |  32|   0|   32|          0|
    |temp_1_197_fu_1606       |  32|   0|   32|          0|
    |temp_1_198_fu_1610       |  32|   0|   32|          0|
    |temp_1_199_fu_1614       |  32|   0|   32|          0|
    |temp_1_19_fu_894         |  32|   0|   32|          0|
    |temp_1_1_fu_822          |  32|   0|   32|          0|
    |temp_1_200_fu_1618       |  32|   0|   32|          0|
    |temp_1_201_fu_1622       |  32|   0|   32|          0|
    |temp_1_202_fu_1626       |  32|   0|   32|          0|
    |temp_1_203_fu_1630       |  32|   0|   32|          0|
    |temp_1_204_fu_1634       |  32|   0|   32|          0|
    |temp_1_205_fu_1638       |  32|   0|   32|          0|
    |temp_1_206_fu_1642       |  32|   0|   32|          0|
    |temp_1_207_fu_1646       |  32|   0|   32|          0|
    |temp_1_208_fu_1650       |  32|   0|   32|          0|
    |temp_1_209_fu_1654       |  32|   0|   32|          0|
    |temp_1_20_fu_898         |  32|   0|   32|          0|
    |temp_1_210_fu_1658       |  32|   0|   32|          0|
    |temp_1_211_fu_1662       |  32|   0|   32|          0|
    |temp_1_212_fu_1666       |  32|   0|   32|          0|
    |temp_1_213_fu_1670       |  32|   0|   32|          0|
    |temp_1_214_fu_1674       |  32|   0|   32|          0|
    |temp_1_215_fu_1678       |  32|   0|   32|          0|
    |temp_1_216_fu_1682       |  32|   0|   32|          0|
    |temp_1_217_fu_1686       |  32|   0|   32|          0|
    |temp_1_218_fu_1690       |  32|   0|   32|          0|
    |temp_1_219_fu_1694       |  32|   0|   32|          0|
    |temp_1_21_fu_902         |  32|   0|   32|          0|
    |temp_1_220_fu_1698       |  32|   0|   32|          0|
    |temp_1_221_fu_1702       |  32|   0|   32|          0|
    |temp_1_222_fu_1706       |  32|   0|   32|          0|
    |temp_1_223_fu_1710       |  32|   0|   32|          0|
    |temp_1_224_fu_1714       |  32|   0|   32|          0|
    |temp_1_225_fu_1718       |  32|   0|   32|          0|
    |temp_1_226_fu_1722       |  32|   0|   32|          0|
    |temp_1_227_fu_1726       |  32|   0|   32|          0|
    |temp_1_228_fu_1730       |  32|   0|   32|          0|
    |temp_1_229_fu_1734       |  32|   0|   32|          0|
    |temp_1_22_fu_906         |  32|   0|   32|          0|
    |temp_1_230_fu_1738       |  32|   0|   32|          0|
    |temp_1_231_fu_1742       |  32|   0|   32|          0|
    |temp_1_232_fu_1746       |  32|   0|   32|          0|
    |temp_1_233_fu_1750       |  32|   0|   32|          0|
    |temp_1_234_fu_1754       |  32|   0|   32|          0|
    |temp_1_235_fu_1758       |  32|   0|   32|          0|
    |temp_1_236_fu_1762       |  32|   0|   32|          0|
    |temp_1_237_fu_1766       |  32|   0|   32|          0|
    |temp_1_238_fu_1770       |  32|   0|   32|          0|
    |temp_1_239_fu_1774       |  32|   0|   32|          0|
    |temp_1_23_fu_910         |  32|   0|   32|          0|
    |temp_1_240_fu_1778       |  32|   0|   32|          0|
    |temp_1_241_fu_1782       |  32|   0|   32|          0|
    |temp_1_242_fu_1786       |  32|   0|   32|          0|
    |temp_1_243_fu_1790       |  32|   0|   32|          0|
    |temp_1_244_fu_1794       |  32|   0|   32|          0|
    |temp_1_245_fu_1798       |  32|   0|   32|          0|
    |temp_1_246_fu_1802       |  32|   0|   32|          0|
    |temp_1_247_fu_1806       |  32|   0|   32|          0|
    |temp_1_248_fu_1810       |  32|   0|   32|          0|
    |temp_1_249_fu_1814       |  32|   0|   32|          0|
    |temp_1_24_fu_914         |  32|   0|   32|          0|
    |temp_1_250_fu_1818       |  32|   0|   32|          0|
    |temp_1_251_fu_1822       |  32|   0|   32|          0|
    |temp_1_252_fu_1826       |  32|   0|   32|          0|
    |temp_1_253_fu_1830       |  32|   0|   32|          0|
    |temp_1_254_fu_1834       |  32|   0|   32|          0|
    |temp_1_255_fu_1838       |  32|   0|   32|          0|
    |temp_1_25_fu_918         |  32|   0|   32|          0|
    |temp_1_26_fu_922         |  32|   0|   32|          0|
    |temp_1_27_fu_926         |  32|   0|   32|          0|
    |temp_1_28_fu_930         |  32|   0|   32|          0|
    |temp_1_29_fu_934         |  32|   0|   32|          0|
    |temp_1_2_fu_826          |  32|   0|   32|          0|
    |temp_1_30_fu_938         |  32|   0|   32|          0|
    |temp_1_31_fu_942         |  32|   0|   32|          0|
    |temp_1_32_fu_946         |  32|   0|   32|          0|
    |temp_1_33_fu_950         |  32|   0|   32|          0|
    |temp_1_34_fu_954         |  32|   0|   32|          0|
    |temp_1_35_fu_958         |  32|   0|   32|          0|
    |temp_1_36_fu_962         |  32|   0|   32|          0|
    |temp_1_37_fu_966         |  32|   0|   32|          0|
    |temp_1_38_fu_970         |  32|   0|   32|          0|
    |temp_1_39_fu_974         |  32|   0|   32|          0|
    |temp_1_3_fu_830          |  32|   0|   32|          0|
    |temp_1_40_fu_978         |  32|   0|   32|          0|
    |temp_1_41_fu_982         |  32|   0|   32|          0|
    |temp_1_42_fu_986         |  32|   0|   32|          0|
    |temp_1_43_fu_990         |  32|   0|   32|          0|
    |temp_1_44_fu_994         |  32|   0|   32|          0|
    |temp_1_45_fu_998         |  32|   0|   32|          0|
    |temp_1_46_fu_1002        |  32|   0|   32|          0|
    |temp_1_47_fu_1006        |  32|   0|   32|          0|
    |temp_1_48_fu_1010        |  32|   0|   32|          0|
    |temp_1_49_fu_1014        |  32|   0|   32|          0|
    |temp_1_4_fu_834          |  32|   0|   32|          0|
    |temp_1_50_fu_1018        |  32|   0|   32|          0|
    |temp_1_51_fu_1022        |  32|   0|   32|          0|
    |temp_1_52_fu_1026        |  32|   0|   32|          0|
    |temp_1_53_fu_1030        |  32|   0|   32|          0|
    |temp_1_54_fu_1034        |  32|   0|   32|          0|
    |temp_1_55_fu_1038        |  32|   0|   32|          0|
    |temp_1_56_fu_1042        |  32|   0|   32|          0|
    |temp_1_57_fu_1046        |  32|   0|   32|          0|
    |temp_1_58_fu_1050        |  32|   0|   32|          0|
    |temp_1_59_fu_1054        |  32|   0|   32|          0|
    |temp_1_5_fu_838          |  32|   0|   32|          0|
    |temp_1_60_fu_1058        |  32|   0|   32|          0|
    |temp_1_61_fu_1062        |  32|   0|   32|          0|
    |temp_1_62_fu_1066        |  32|   0|   32|          0|
    |temp_1_63_fu_1070        |  32|   0|   32|          0|
    |temp_1_64_fu_1074        |  32|   0|   32|          0|
    |temp_1_65_fu_1078        |  32|   0|   32|          0|
    |temp_1_66_fu_1082        |  32|   0|   32|          0|
    |temp_1_67_fu_1086        |  32|   0|   32|          0|
    |temp_1_68_fu_1090        |  32|   0|   32|          0|
    |temp_1_69_fu_1094        |  32|   0|   32|          0|
    |temp_1_6_fu_842          |  32|   0|   32|          0|
    |temp_1_70_fu_1098        |  32|   0|   32|          0|
    |temp_1_71_fu_1102        |  32|   0|   32|          0|
    |temp_1_72_fu_1106        |  32|   0|   32|          0|
    |temp_1_73_fu_1110        |  32|   0|   32|          0|
    |temp_1_74_fu_1114        |  32|   0|   32|          0|
    |temp_1_75_fu_1118        |  32|   0|   32|          0|
    |temp_1_76_fu_1122        |  32|   0|   32|          0|
    |temp_1_77_fu_1126        |  32|   0|   32|          0|
    |temp_1_78_fu_1130        |  32|   0|   32|          0|
    |temp_1_79_fu_1134        |  32|   0|   32|          0|
    |temp_1_7_fu_846          |  32|   0|   32|          0|
    |temp_1_80_fu_1138        |  32|   0|   32|          0|
    |temp_1_81_fu_1142        |  32|   0|   32|          0|
    |temp_1_82_fu_1146        |  32|   0|   32|          0|
    |temp_1_83_fu_1150        |  32|   0|   32|          0|
    |temp_1_84_fu_1154        |  32|   0|   32|          0|
    |temp_1_85_fu_1158        |  32|   0|   32|          0|
    |temp_1_86_fu_1162        |  32|   0|   32|          0|
    |temp_1_87_fu_1166        |  32|   0|   32|          0|
    |temp_1_88_fu_1170        |  32|   0|   32|          0|
    |temp_1_89_fu_1174        |  32|   0|   32|          0|
    |temp_1_8_fu_850          |  32|   0|   32|          0|
    |temp_1_90_fu_1178        |  32|   0|   32|          0|
    |temp_1_91_fu_1182        |  32|   0|   32|          0|
    |temp_1_92_fu_1186        |  32|   0|   32|          0|
    |temp_1_93_fu_1190        |  32|   0|   32|          0|
    |temp_1_94_fu_1194        |  32|   0|   32|          0|
    |temp_1_95_fu_1198        |  32|   0|   32|          0|
    |temp_1_96_fu_1202        |  32|   0|   32|          0|
    |temp_1_97_fu_1206        |  32|   0|   32|          0|
    |temp_1_98_fu_1210        |  32|   0|   32|          0|
    |temp_1_99_fu_1214        |  32|   0|   32|          0|
    |temp_1_9_fu_854          |  32|   0|   32|          0|
    |temp_1_fu_818            |  32|   0|   32|          0|
    +-------------------------+----+----+-----+-----------+
    |Total                    |8212|   0| 8212|          0|
    +-------------------------+----+----+-----+-----------+



================================================================
== Interface
================================================================
* Summary: 
+----------------------------+-----+-----+------------+------------------------------+--------------+
|          RTL Ports         | Dir | Bits|  Protocol  |         Source Object        |    C Type    |
+----------------------------+-----+-----+------------+------------------------------+--------------+
|ap_clk                      |   in|    1|  ap_ctrl_hs|  dft_Pipeline_VITIS_LOOP_18_1|  return value|
|ap_rst                      |   in|    1|  ap_ctrl_hs|  dft_Pipeline_VITIS_LOOP_18_1|  return value|
|ap_start                    |   in|    1|  ap_ctrl_hs|  dft_Pipeline_VITIS_LOOP_18_1|  return value|
|ap_done                     |  out|    1|  ap_ctrl_hs|  dft_Pipeline_VITIS_LOOP_18_1|  return value|
|ap_idle                     |  out|    1|  ap_ctrl_hs|  dft_Pipeline_VITIS_LOOP_18_1|  return value|
|ap_ready                    |  out|    1|  ap_ctrl_hs|  dft_Pipeline_VITIS_LOOP_18_1|  return value|
|real_sample_0_address0      |  out|    2|   ap_memory|                 real_sample_0|         array|
|real_sample_0_ce0           |  out|    1|   ap_memory|                 real_sample_0|         array|
|real_sample_0_q0            |   in|   32|   ap_memory|                 real_sample_0|         array|
|real_sample_1_address0      |  out|    2|   ap_memory|                 real_sample_1|         array|
|real_sample_1_ce0           |  out|    1|   ap_memory|                 real_sample_1|         array|
|real_sample_1_q0            |   in|   32|   ap_memory|                 real_sample_1|         array|
|real_sample_2_address0      |  out|    2|   ap_memory|                 real_sample_2|         array|
|real_sample_2_ce0           |  out|    1|   ap_memory|                 real_sample_2|         array|
|real_sample_2_q0            |   in|   32|   ap_memory|                 real_sample_2|         array|
|real_sample_3_address0      |  out|    2|   ap_memory|                 real_sample_3|         array|
|real_sample_3_ce0           |  out|    1|   ap_memory|                 real_sample_3|         array|
|real_sample_3_q0            |   in|   32|   ap_memory|                 real_sample_3|         array|
|real_sample_4_address0      |  out|    2|   ap_memory|                 real_sample_4|         array|
|real_sample_4_ce0           |  out|    1|   ap_memory|                 real_sample_4|         array|
|real_sample_4_q0            |   in|   32|   ap_memory|                 real_sample_4|         array|
|real_sample_5_address0      |  out|    2|   ap_memory|                 real_sample_5|         array|
|real_sample_5_ce0           |  out|    1|   ap_memory|                 real_sample_5|         array|
|real_sample_5_q0            |   in|   32|   ap_memory|                 real_sample_5|         array|
|real_sample_6_address0      |  out|    2|   ap_memory|                 real_sample_6|         array|
|real_sample_6_ce0           |  out|    1|   ap_memory|                 real_sample_6|         array|
|real_sample_6_q0            |   in|   32|   ap_memory|                 real_sample_6|         array|
|real_sample_7_address0      |  out|    2|   ap_memory|                 real_sample_7|         array|
|real_sample_7_ce0           |  out|    1|   ap_memory|                 real_sample_7|         array|
|real_sample_7_q0            |   in|   32|   ap_memory|                 real_sample_7|         array|
|real_sample_8_address0      |  out|    2|   ap_memory|                 real_sample_8|         array|
|real_sample_8_ce0           |  out|    1|   ap_memory|                 real_sample_8|         array|
|real_sample_8_q0            |   in|   32|   ap_memory|                 real_sample_8|         array|
|real_sample_9_address0      |  out|    2|   ap_memory|                 real_sample_9|         array|
|real_sample_9_ce0           |  out|    1|   ap_memory|                 real_sample_9|         array|
|real_sample_9_q0            |   in|   32|   ap_memory|                 real_sample_9|         array|
|real_sample_10_address0     |  out|    2|   ap_memory|                real_sample_10|         array|
|real_sample_10_ce0          |  out|    1|   ap_memory|                real_sample_10|         array|
|real_sample_10_q0           |   in|   32|   ap_memory|                real_sample_10|         array|
|real_sample_11_address0     |  out|    2|   ap_memory|                real_sample_11|         array|
|real_sample_11_ce0          |  out|    1|   ap_memory|                real_sample_11|         array|
|real_sample_11_q0           |   in|   32|   ap_memory|                real_sample_11|         array|
|real_sample_12_address0     |  out|    2|   ap_memory|                real_sample_12|         array|
|real_sample_12_ce0          |  out|    1|   ap_memory|                real_sample_12|         array|
|real_sample_12_q0           |   in|   32|   ap_memory|                real_sample_12|         array|
|real_sample_13_address0     |  out|    2|   ap_memory|                real_sample_13|         array|
|real_sample_13_ce0          |  out|    1|   ap_memory|                real_sample_13|         array|
|real_sample_13_q0           |   in|   32|   ap_memory|                real_sample_13|         array|
|real_sample_14_address0     |  out|    2|   ap_memory|                real_sample_14|         array|
|real_sample_14_ce0          |  out|    1|   ap_memory|                real_sample_14|         array|
|real_sample_14_q0           |   in|   32|   ap_memory|                real_sample_14|         array|
|real_sample_15_address0     |  out|    2|   ap_memory|                real_sample_15|         array|
|real_sample_15_ce0          |  out|    1|   ap_memory|                real_sample_15|         array|
|real_sample_15_q0           |   in|   32|   ap_memory|                real_sample_15|         array|
|real_sample_16_address0     |  out|    2|   ap_memory|                real_sample_16|         array|
|real_sample_16_ce0          |  out|    1|   ap_memory|                real_sample_16|         array|
|real_sample_16_q0           |   in|   32|   ap_memory|                real_sample_16|         array|
|real_sample_17_address0     |  out|    2|   ap_memory|                real_sample_17|         array|
|real_sample_17_ce0          |  out|    1|   ap_memory|                real_sample_17|         array|
|real_sample_17_q0           |   in|   32|   ap_memory|                real_sample_17|         array|
|real_sample_18_address0     |  out|    2|   ap_memory|                real_sample_18|         array|
|real_sample_18_ce0          |  out|    1|   ap_memory|                real_sample_18|         array|
|real_sample_18_q0           |   in|   32|   ap_memory|                real_sample_18|         array|
|real_sample_19_address0     |  out|    2|   ap_memory|                real_sample_19|         array|
|real_sample_19_ce0          |  out|    1|   ap_memory|                real_sample_19|         array|
|real_sample_19_q0           |   in|   32|   ap_memory|                real_sample_19|         array|
|real_sample_20_address0     |  out|    2|   ap_memory|                real_sample_20|         array|
|real_sample_20_ce0          |  out|    1|   ap_memory|                real_sample_20|         array|
|real_sample_20_q0           |   in|   32|   ap_memory|                real_sample_20|         array|
|real_sample_21_address0     |  out|    2|   ap_memory|                real_sample_21|         array|
|real_sample_21_ce0          |  out|    1|   ap_memory|                real_sample_21|         array|
|real_sample_21_q0           |   in|   32|   ap_memory|                real_sample_21|         array|
|real_sample_22_address0     |  out|    2|   ap_memory|                real_sample_22|         array|
|real_sample_22_ce0          |  out|    1|   ap_memory|                real_sample_22|         array|
|real_sample_22_q0           |   in|   32|   ap_memory|                real_sample_22|         array|
|real_sample_23_address0     |  out|    2|   ap_memory|                real_sample_23|         array|
|real_sample_23_ce0          |  out|    1|   ap_memory|                real_sample_23|         array|
|real_sample_23_q0           |   in|   32|   ap_memory|                real_sample_23|         array|
|real_sample_24_address0     |  out|    2|   ap_memory|                real_sample_24|         array|
|real_sample_24_ce0          |  out|    1|   ap_memory|                real_sample_24|         array|
|real_sample_24_q0           |   in|   32|   ap_memory|                real_sample_24|         array|
|real_sample_25_address0     |  out|    2|   ap_memory|                real_sample_25|         array|
|real_sample_25_ce0          |  out|    1|   ap_memory|                real_sample_25|         array|
|real_sample_25_q0           |   in|   32|   ap_memory|                real_sample_25|         array|
|real_sample_26_address0     |  out|    2|   ap_memory|                real_sample_26|         array|
|real_sample_26_ce0          |  out|    1|   ap_memory|                real_sample_26|         array|
|real_sample_26_q0           |   in|   32|   ap_memory|                real_sample_26|         array|
|real_sample_27_address0     |  out|    2|   ap_memory|                real_sample_27|         array|
|real_sample_27_ce0          |  out|    1|   ap_memory|                real_sample_27|         array|
|real_sample_27_q0           |   in|   32|   ap_memory|                real_sample_27|         array|
|real_sample_28_address0     |  out|    2|   ap_memory|                real_sample_28|         array|
|real_sample_28_ce0          |  out|    1|   ap_memory|                real_sample_28|         array|
|real_sample_28_q0           |   in|   32|   ap_memory|                real_sample_28|         array|
|real_sample_29_address0     |  out|    2|   ap_memory|                real_sample_29|         array|
|real_sample_29_ce0          |  out|    1|   ap_memory|                real_sample_29|         array|
|real_sample_29_q0           |   in|   32|   ap_memory|                real_sample_29|         array|
|real_sample_30_address0     |  out|    2|   ap_memory|                real_sample_30|         array|
|real_sample_30_ce0          |  out|    1|   ap_memory|                real_sample_30|         array|
|real_sample_30_q0           |   in|   32|   ap_memory|                real_sample_30|         array|
|real_sample_31_address0     |  out|    2|   ap_memory|                real_sample_31|         array|
|real_sample_31_ce0          |  out|    1|   ap_memory|                real_sample_31|         array|
|real_sample_31_q0           |   in|   32|   ap_memory|                real_sample_31|         array|
|real_sample_32_address0     |  out|    2|   ap_memory|                real_sample_32|         array|
|real_sample_32_ce0          |  out|    1|   ap_memory|                real_sample_32|         array|
|real_sample_32_q0           |   in|   32|   ap_memory|                real_sample_32|         array|
|real_sample_33_address0     |  out|    2|   ap_memory|                real_sample_33|         array|
|real_sample_33_ce0          |  out|    1|   ap_memory|                real_sample_33|         array|
|real_sample_33_q0           |   in|   32|   ap_memory|                real_sample_33|         array|
|real_sample_34_address0     |  out|    2|   ap_memory|                real_sample_34|         array|
|real_sample_34_ce0          |  out|    1|   ap_memory|                real_sample_34|         array|
|real_sample_34_q0           |   in|   32|   ap_memory|                real_sample_34|         array|
|real_sample_35_address0     |  out|    2|   ap_memory|                real_sample_35|         array|
|real_sample_35_ce0          |  out|    1|   ap_memory|                real_sample_35|         array|
|real_sample_35_q0           |   in|   32|   ap_memory|                real_sample_35|         array|
|real_sample_36_address0     |  out|    2|   ap_memory|                real_sample_36|         array|
|real_sample_36_ce0          |  out|    1|   ap_memory|                real_sample_36|         array|
|real_sample_36_q0           |   in|   32|   ap_memory|                real_sample_36|         array|
|real_sample_37_address0     |  out|    2|   ap_memory|                real_sample_37|         array|
|real_sample_37_ce0          |  out|    1|   ap_memory|                real_sample_37|         array|
|real_sample_37_q0           |   in|   32|   ap_memory|                real_sample_37|         array|
|real_sample_38_address0     |  out|    2|   ap_memory|                real_sample_38|         array|
|real_sample_38_ce0          |  out|    1|   ap_memory|                real_sample_38|         array|
|real_sample_38_q0           |   in|   32|   ap_memory|                real_sample_38|         array|
|real_sample_39_address0     |  out|    2|   ap_memory|                real_sample_39|         array|
|real_sample_39_ce0          |  out|    1|   ap_memory|                real_sample_39|         array|
|real_sample_39_q0           |   in|   32|   ap_memory|                real_sample_39|         array|
|real_sample_40_address0     |  out|    2|   ap_memory|                real_sample_40|         array|
|real_sample_40_ce0          |  out|    1|   ap_memory|                real_sample_40|         array|
|real_sample_40_q0           |   in|   32|   ap_memory|                real_sample_40|         array|
|real_sample_41_address0     |  out|    2|   ap_memory|                real_sample_41|         array|
|real_sample_41_ce0          |  out|    1|   ap_memory|                real_sample_41|         array|
|real_sample_41_q0           |   in|   32|   ap_memory|                real_sample_41|         array|
|real_sample_42_address0     |  out|    2|   ap_memory|                real_sample_42|         array|
|real_sample_42_ce0          |  out|    1|   ap_memory|                real_sample_42|         array|
|real_sample_42_q0           |   in|   32|   ap_memory|                real_sample_42|         array|
|real_sample_43_address0     |  out|    2|   ap_memory|                real_sample_43|         array|
|real_sample_43_ce0          |  out|    1|   ap_memory|                real_sample_43|         array|
|real_sample_43_q0           |   in|   32|   ap_memory|                real_sample_43|         array|
|real_sample_44_address0     |  out|    2|   ap_memory|                real_sample_44|         array|
|real_sample_44_ce0          |  out|    1|   ap_memory|                real_sample_44|         array|
|real_sample_44_q0           |   in|   32|   ap_memory|                real_sample_44|         array|
|real_sample_45_address0     |  out|    2|   ap_memory|                real_sample_45|         array|
|real_sample_45_ce0          |  out|    1|   ap_memory|                real_sample_45|         array|
|real_sample_45_q0           |   in|   32|   ap_memory|                real_sample_45|         array|
|real_sample_46_address0     |  out|    2|   ap_memory|                real_sample_46|         array|
|real_sample_46_ce0          |  out|    1|   ap_memory|                real_sample_46|         array|
|real_sample_46_q0           |   in|   32|   ap_memory|                real_sample_46|         array|
|real_sample_47_address0     |  out|    2|   ap_memory|                real_sample_47|         array|
|real_sample_47_ce0          |  out|    1|   ap_memory|                real_sample_47|         array|
|real_sample_47_q0           |   in|   32|   ap_memory|                real_sample_47|         array|
|real_sample_48_address0     |  out|    2|   ap_memory|                real_sample_48|         array|
|real_sample_48_ce0          |  out|    1|   ap_memory|                real_sample_48|         array|
|real_sample_48_q0           |   in|   32|   ap_memory|                real_sample_48|         array|
|real_sample_49_address0     |  out|    2|   ap_memory|                real_sample_49|         array|
|real_sample_49_ce0          |  out|    1|   ap_memory|                real_sample_49|         array|
|real_sample_49_q0           |   in|   32|   ap_memory|                real_sample_49|         array|
|real_sample_50_address0     |  out|    2|   ap_memory|                real_sample_50|         array|
|real_sample_50_ce0          |  out|    1|   ap_memory|                real_sample_50|         array|
|real_sample_50_q0           |   in|   32|   ap_memory|                real_sample_50|         array|
|real_sample_51_address0     |  out|    2|   ap_memory|                real_sample_51|         array|
|real_sample_51_ce0          |  out|    1|   ap_memory|                real_sample_51|         array|
|real_sample_51_q0           |   in|   32|   ap_memory|                real_sample_51|         array|
|real_sample_52_address0     |  out|    2|   ap_memory|                real_sample_52|         array|
|real_sample_52_ce0          |  out|    1|   ap_memory|                real_sample_52|         array|
|real_sample_52_q0           |   in|   32|   ap_memory|                real_sample_52|         array|
|real_sample_53_address0     |  out|    2|   ap_memory|                real_sample_53|         array|
|real_sample_53_ce0          |  out|    1|   ap_memory|                real_sample_53|         array|
|real_sample_53_q0           |   in|   32|   ap_memory|                real_sample_53|         array|
|real_sample_54_address0     |  out|    2|   ap_memory|                real_sample_54|         array|
|real_sample_54_ce0          |  out|    1|   ap_memory|                real_sample_54|         array|
|real_sample_54_q0           |   in|   32|   ap_memory|                real_sample_54|         array|
|real_sample_55_address0     |  out|    2|   ap_memory|                real_sample_55|         array|
|real_sample_55_ce0          |  out|    1|   ap_memory|                real_sample_55|         array|
|real_sample_55_q0           |   in|   32|   ap_memory|                real_sample_55|         array|
|real_sample_56_address0     |  out|    2|   ap_memory|                real_sample_56|         array|
|real_sample_56_ce0          |  out|    1|   ap_memory|                real_sample_56|         array|
|real_sample_56_q0           |   in|   32|   ap_memory|                real_sample_56|         array|
|real_sample_57_address0     |  out|    2|   ap_memory|                real_sample_57|         array|
|real_sample_57_ce0          |  out|    1|   ap_memory|                real_sample_57|         array|
|real_sample_57_q0           |   in|   32|   ap_memory|                real_sample_57|         array|
|real_sample_58_address0     |  out|    2|   ap_memory|                real_sample_58|         array|
|real_sample_58_ce0          |  out|    1|   ap_memory|                real_sample_58|         array|
|real_sample_58_q0           |   in|   32|   ap_memory|                real_sample_58|         array|
|real_sample_59_address0     |  out|    2|   ap_memory|                real_sample_59|         array|
|real_sample_59_ce0          |  out|    1|   ap_memory|                real_sample_59|         array|
|real_sample_59_q0           |   in|   32|   ap_memory|                real_sample_59|         array|
|real_sample_60_address0     |  out|    2|   ap_memory|                real_sample_60|         array|
|real_sample_60_ce0          |  out|    1|   ap_memory|                real_sample_60|         array|
|real_sample_60_q0           |   in|   32|   ap_memory|                real_sample_60|         array|
|real_sample_61_address0     |  out|    2|   ap_memory|                real_sample_61|         array|
|real_sample_61_ce0          |  out|    1|   ap_memory|                real_sample_61|         array|
|real_sample_61_q0           |   in|   32|   ap_memory|                real_sample_61|         array|
|real_sample_62_address0     |  out|    2|   ap_memory|                real_sample_62|         array|
|real_sample_62_ce0          |  out|    1|   ap_memory|                real_sample_62|         array|
|real_sample_62_q0           |   in|   32|   ap_memory|                real_sample_62|         array|
|real_sample_63_address0     |  out|    2|   ap_memory|                real_sample_63|         array|
|real_sample_63_ce0          |  out|    1|   ap_memory|                real_sample_63|         array|
|real_sample_63_q0           |   in|   32|   ap_memory|                real_sample_63|         array|
|temp_63_3_01930_out         |  out|   32|      ap_vld|           temp_63_3_01930_out|       pointer|
|temp_63_3_01930_out_ap_vld  |  out|    1|      ap_vld|           temp_63_3_01930_out|       pointer|
|temp_63_2_01929_out         |  out|   32|      ap_vld|           temp_63_2_01929_out|       pointer|
|temp_63_2_01929_out_ap_vld  |  out|    1|      ap_vld|           temp_63_2_01929_out|       pointer|
|temp_63_1_01928_out         |  out|   32|      ap_vld|           temp_63_1_01928_out|       pointer|
|temp_63_1_01928_out_ap_vld  |  out|    1|      ap_vld|           temp_63_1_01928_out|       pointer|
|temp_63_0_01927_out         |  out|   32|      ap_vld|           temp_63_0_01927_out|       pointer|
|temp_63_0_01927_out_ap_vld  |  out|    1|      ap_vld|           temp_63_0_01927_out|       pointer|
|temp_62_3_01926_out         |  out|   32|      ap_vld|           temp_62_3_01926_out|       pointer|
|temp_62_3_01926_out_ap_vld  |  out|    1|      ap_vld|           temp_62_3_01926_out|       pointer|
|temp_62_2_01925_out         |  out|   32|      ap_vld|           temp_62_2_01925_out|       pointer|
|temp_62_2_01925_out_ap_vld  |  out|    1|      ap_vld|           temp_62_2_01925_out|       pointer|
|temp_62_1_01924_out         |  out|   32|      ap_vld|           temp_62_1_01924_out|       pointer|
|temp_62_1_01924_out_ap_vld  |  out|    1|      ap_vld|           temp_62_1_01924_out|       pointer|
|temp_62_0_01923_out         |  out|   32|      ap_vld|           temp_62_0_01923_out|       pointer|
|temp_62_0_01923_out_ap_vld  |  out|    1|      ap_vld|           temp_62_0_01923_out|       pointer|
|temp_61_3_01922_out         |  out|   32|      ap_vld|           temp_61_3_01922_out|       pointer|
|temp_61_3_01922_out_ap_vld  |  out|    1|      ap_vld|           temp_61_3_01922_out|       pointer|
|temp_61_2_01921_out         |  out|   32|      ap_vld|           temp_61_2_01921_out|       pointer|
|temp_61_2_01921_out_ap_vld  |  out|    1|      ap_vld|           temp_61_2_01921_out|       pointer|
|temp_61_1_01920_out         |  out|   32|      ap_vld|           temp_61_1_01920_out|       pointer|
|temp_61_1_01920_out_ap_vld  |  out|    1|      ap_vld|           temp_61_1_01920_out|       pointer|
|temp_61_0_01919_out         |  out|   32|      ap_vld|           temp_61_0_01919_out|       pointer|
|temp_61_0_01919_out_ap_vld  |  out|    1|      ap_vld|           temp_61_0_01919_out|       pointer|
|temp_60_3_01918_out         |  out|   32|      ap_vld|           temp_60_3_01918_out|       pointer|
|temp_60_3_01918_out_ap_vld  |  out|    1|      ap_vld|           temp_60_3_01918_out|       pointer|
|temp_60_2_01917_out         |  out|   32|      ap_vld|           temp_60_2_01917_out|       pointer|
|temp_60_2_01917_out_ap_vld  |  out|    1|      ap_vld|           temp_60_2_01917_out|       pointer|
|temp_60_1_01916_out         |  out|   32|      ap_vld|           temp_60_1_01916_out|       pointer|
|temp_60_1_01916_out_ap_vld  |  out|    1|      ap_vld|           temp_60_1_01916_out|       pointer|
|temp_60_0_01915_out         |  out|   32|      ap_vld|           temp_60_0_01915_out|       pointer|
|temp_60_0_01915_out_ap_vld  |  out|    1|      ap_vld|           temp_60_0_01915_out|       pointer|
|temp_59_3_01914_out         |  out|   32|      ap_vld|           temp_59_3_01914_out|       pointer|
|temp_59_3_01914_out_ap_vld  |  out|    1|      ap_vld|           temp_59_3_01914_out|       pointer|
|temp_59_2_01913_out         |  out|   32|      ap_vld|           temp_59_2_01913_out|       pointer|
|temp_59_2_01913_out_ap_vld  |  out|    1|      ap_vld|           temp_59_2_01913_out|       pointer|
|temp_59_1_01912_out         |  out|   32|      ap_vld|           temp_59_1_01912_out|       pointer|
|temp_59_1_01912_out_ap_vld  |  out|    1|      ap_vld|           temp_59_1_01912_out|       pointer|
|temp_59_0_01911_out         |  out|   32|      ap_vld|           temp_59_0_01911_out|       pointer|
|temp_59_0_01911_out_ap_vld  |  out|    1|      ap_vld|           temp_59_0_01911_out|       pointer|
|temp_58_3_01910_out         |  out|   32|      ap_vld|           temp_58_3_01910_out|       pointer|
|temp_58_3_01910_out_ap_vld  |  out|    1|      ap_vld|           temp_58_3_01910_out|       pointer|
|temp_58_2_01909_out         |  out|   32|      ap_vld|           temp_58_2_01909_out|       pointer|
|temp_58_2_01909_out_ap_vld  |  out|    1|      ap_vld|           temp_58_2_01909_out|       pointer|
|temp_58_1_01908_out         |  out|   32|      ap_vld|           temp_58_1_01908_out|       pointer|
|temp_58_1_01908_out_ap_vld  |  out|    1|      ap_vld|           temp_58_1_01908_out|       pointer|
|temp_58_0_01907_out         |  out|   32|      ap_vld|           temp_58_0_01907_out|       pointer|
|temp_58_0_01907_out_ap_vld  |  out|    1|      ap_vld|           temp_58_0_01907_out|       pointer|
|temp_57_3_01906_out         |  out|   32|      ap_vld|           temp_57_3_01906_out|       pointer|
|temp_57_3_01906_out_ap_vld  |  out|    1|      ap_vld|           temp_57_3_01906_out|       pointer|
|temp_57_2_01905_out         |  out|   32|      ap_vld|           temp_57_2_01905_out|       pointer|
|temp_57_2_01905_out_ap_vld  |  out|    1|      ap_vld|           temp_57_2_01905_out|       pointer|
|temp_57_1_01904_out         |  out|   32|      ap_vld|           temp_57_1_01904_out|       pointer|
|temp_57_1_01904_out_ap_vld  |  out|    1|      ap_vld|           temp_57_1_01904_out|       pointer|
|temp_57_0_01903_out         |  out|   32|      ap_vld|           temp_57_0_01903_out|       pointer|
|temp_57_0_01903_out_ap_vld  |  out|    1|      ap_vld|           temp_57_0_01903_out|       pointer|
|temp_56_3_01902_out         |  out|   32|      ap_vld|           temp_56_3_01902_out|       pointer|
|temp_56_3_01902_out_ap_vld  |  out|    1|      ap_vld|           temp_56_3_01902_out|       pointer|
|temp_56_2_01901_out         |  out|   32|      ap_vld|           temp_56_2_01901_out|       pointer|
|temp_56_2_01901_out_ap_vld  |  out|    1|      ap_vld|           temp_56_2_01901_out|       pointer|
|temp_56_1_01900_out         |  out|   32|      ap_vld|           temp_56_1_01900_out|       pointer|
|temp_56_1_01900_out_ap_vld  |  out|    1|      ap_vld|           temp_56_1_01900_out|       pointer|
|temp_56_0_01899_out         |  out|   32|      ap_vld|           temp_56_0_01899_out|       pointer|
|temp_56_0_01899_out_ap_vld  |  out|    1|      ap_vld|           temp_56_0_01899_out|       pointer|
|temp_55_3_01898_out         |  out|   32|      ap_vld|           temp_55_3_01898_out|       pointer|
|temp_55_3_01898_out_ap_vld  |  out|    1|      ap_vld|           temp_55_3_01898_out|       pointer|
|temp_55_2_01897_out         |  out|   32|      ap_vld|           temp_55_2_01897_out|       pointer|
|temp_55_2_01897_out_ap_vld  |  out|    1|      ap_vld|           temp_55_2_01897_out|       pointer|
|temp_55_1_01896_out         |  out|   32|      ap_vld|           temp_55_1_01896_out|       pointer|
|temp_55_1_01896_out_ap_vld  |  out|    1|      ap_vld|           temp_55_1_01896_out|       pointer|
|temp_55_0_01895_out         |  out|   32|      ap_vld|           temp_55_0_01895_out|       pointer|
|temp_55_0_01895_out_ap_vld  |  out|    1|      ap_vld|           temp_55_0_01895_out|       pointer|
|temp_54_3_01894_out         |  out|   32|      ap_vld|           temp_54_3_01894_out|       pointer|
|temp_54_3_01894_out_ap_vld  |  out|    1|      ap_vld|           temp_54_3_01894_out|       pointer|
|temp_54_2_01893_out         |  out|   32|      ap_vld|           temp_54_2_01893_out|       pointer|
|temp_54_2_01893_out_ap_vld  |  out|    1|      ap_vld|           temp_54_2_01893_out|       pointer|
|temp_54_1_01892_out         |  out|   32|      ap_vld|           temp_54_1_01892_out|       pointer|
|temp_54_1_01892_out_ap_vld  |  out|    1|      ap_vld|           temp_54_1_01892_out|       pointer|
|temp_54_0_01891_out         |  out|   32|      ap_vld|           temp_54_0_01891_out|       pointer|
|temp_54_0_01891_out_ap_vld  |  out|    1|      ap_vld|           temp_54_0_01891_out|       pointer|
|temp_53_3_01890_out         |  out|   32|      ap_vld|           temp_53_3_01890_out|       pointer|
|temp_53_3_01890_out_ap_vld  |  out|    1|      ap_vld|           temp_53_3_01890_out|       pointer|
|temp_53_2_01889_out         |  out|   32|      ap_vld|           temp_53_2_01889_out|       pointer|
|temp_53_2_01889_out_ap_vld  |  out|    1|      ap_vld|           temp_53_2_01889_out|       pointer|
|temp_53_1_01888_out         |  out|   32|      ap_vld|           temp_53_1_01888_out|       pointer|
|temp_53_1_01888_out_ap_vld  |  out|    1|      ap_vld|           temp_53_1_01888_out|       pointer|
|temp_53_0_01887_out         |  out|   32|      ap_vld|           temp_53_0_01887_out|       pointer|
|temp_53_0_01887_out_ap_vld  |  out|    1|      ap_vld|           temp_53_0_01887_out|       pointer|
|temp_52_3_01886_out         |  out|   32|      ap_vld|           temp_52_3_01886_out|       pointer|
|temp_52_3_01886_out_ap_vld  |  out|    1|      ap_vld|           temp_52_3_01886_out|       pointer|
|temp_52_2_01885_out         |  out|   32|      ap_vld|           temp_52_2_01885_out|       pointer|
|temp_52_2_01885_out_ap_vld  |  out|    1|      ap_vld|           temp_52_2_01885_out|       pointer|
|temp_52_1_01884_out         |  out|   32|      ap_vld|           temp_52_1_01884_out|       pointer|
|temp_52_1_01884_out_ap_vld  |  out|    1|      ap_vld|           temp_52_1_01884_out|       pointer|
|temp_52_0_01883_out         |  out|   32|      ap_vld|           temp_52_0_01883_out|       pointer|
|temp_52_0_01883_out_ap_vld  |  out|    1|      ap_vld|           temp_52_0_01883_out|       pointer|
|temp_51_3_01882_out         |  out|   32|      ap_vld|           temp_51_3_01882_out|       pointer|
|temp_51_3_01882_out_ap_vld  |  out|    1|      ap_vld|           temp_51_3_01882_out|       pointer|
|temp_51_2_01881_out         |  out|   32|      ap_vld|           temp_51_2_01881_out|       pointer|
|temp_51_2_01881_out_ap_vld  |  out|    1|      ap_vld|           temp_51_2_01881_out|       pointer|
|temp_51_1_01880_out         |  out|   32|      ap_vld|           temp_51_1_01880_out|       pointer|
|temp_51_1_01880_out_ap_vld  |  out|    1|      ap_vld|           temp_51_1_01880_out|       pointer|
|temp_51_0_01879_out         |  out|   32|      ap_vld|           temp_51_0_01879_out|       pointer|
|temp_51_0_01879_out_ap_vld  |  out|    1|      ap_vld|           temp_51_0_01879_out|       pointer|
|temp_50_3_01878_out         |  out|   32|      ap_vld|           temp_50_3_01878_out|       pointer|
|temp_50_3_01878_out_ap_vld  |  out|    1|      ap_vld|           temp_50_3_01878_out|       pointer|
|temp_50_2_01877_out         |  out|   32|      ap_vld|           temp_50_2_01877_out|       pointer|
|temp_50_2_01877_out_ap_vld  |  out|    1|      ap_vld|           temp_50_2_01877_out|       pointer|
|temp_50_1_01876_out         |  out|   32|      ap_vld|           temp_50_1_01876_out|       pointer|
|temp_50_1_01876_out_ap_vld  |  out|    1|      ap_vld|           temp_50_1_01876_out|       pointer|
|temp_50_0_01875_out         |  out|   32|      ap_vld|           temp_50_0_01875_out|       pointer|
|temp_50_0_01875_out_ap_vld  |  out|    1|      ap_vld|           temp_50_0_01875_out|       pointer|
|temp_49_3_01874_out         |  out|   32|      ap_vld|           temp_49_3_01874_out|       pointer|
|temp_49_3_01874_out_ap_vld  |  out|    1|      ap_vld|           temp_49_3_01874_out|       pointer|
|temp_49_2_01873_out         |  out|   32|      ap_vld|           temp_49_2_01873_out|       pointer|
|temp_49_2_01873_out_ap_vld  |  out|    1|      ap_vld|           temp_49_2_01873_out|       pointer|
|temp_49_1_01872_out         |  out|   32|      ap_vld|           temp_49_1_01872_out|       pointer|
|temp_49_1_01872_out_ap_vld  |  out|    1|      ap_vld|           temp_49_1_01872_out|       pointer|
|temp_49_0_01871_out         |  out|   32|      ap_vld|           temp_49_0_01871_out|       pointer|
|temp_49_0_01871_out_ap_vld  |  out|    1|      ap_vld|           temp_49_0_01871_out|       pointer|
|temp_48_3_01870_out         |  out|   32|      ap_vld|           temp_48_3_01870_out|       pointer|
|temp_48_3_01870_out_ap_vld  |  out|    1|      ap_vld|           temp_48_3_01870_out|       pointer|
|temp_48_2_01869_out         |  out|   32|      ap_vld|           temp_48_2_01869_out|       pointer|
|temp_48_2_01869_out_ap_vld  |  out|    1|      ap_vld|           temp_48_2_01869_out|       pointer|
|temp_48_1_01868_out         |  out|   32|      ap_vld|           temp_48_1_01868_out|       pointer|
|temp_48_1_01868_out_ap_vld  |  out|    1|      ap_vld|           temp_48_1_01868_out|       pointer|
|temp_48_0_01867_out         |  out|   32|      ap_vld|           temp_48_0_01867_out|       pointer|
|temp_48_0_01867_out_ap_vld  |  out|    1|      ap_vld|           temp_48_0_01867_out|       pointer|
|temp_47_3_01866_out         |  out|   32|      ap_vld|           temp_47_3_01866_out|       pointer|
|temp_47_3_01866_out_ap_vld  |  out|    1|      ap_vld|           temp_47_3_01866_out|       pointer|
|temp_47_2_01865_out         |  out|   32|      ap_vld|           temp_47_2_01865_out|       pointer|
|temp_47_2_01865_out_ap_vld  |  out|    1|      ap_vld|           temp_47_2_01865_out|       pointer|
|temp_47_1_01864_out         |  out|   32|      ap_vld|           temp_47_1_01864_out|       pointer|
|temp_47_1_01864_out_ap_vld  |  out|    1|      ap_vld|           temp_47_1_01864_out|       pointer|
|temp_47_0_01863_out         |  out|   32|      ap_vld|           temp_47_0_01863_out|       pointer|
|temp_47_0_01863_out_ap_vld  |  out|    1|      ap_vld|           temp_47_0_01863_out|       pointer|
|temp_46_3_01862_out         |  out|   32|      ap_vld|           temp_46_3_01862_out|       pointer|
|temp_46_3_01862_out_ap_vld  |  out|    1|      ap_vld|           temp_46_3_01862_out|       pointer|
|temp_46_2_01861_out         |  out|   32|      ap_vld|           temp_46_2_01861_out|       pointer|
|temp_46_2_01861_out_ap_vld  |  out|    1|      ap_vld|           temp_46_2_01861_out|       pointer|
|temp_46_1_01860_out         |  out|   32|      ap_vld|           temp_46_1_01860_out|       pointer|
|temp_46_1_01860_out_ap_vld  |  out|    1|      ap_vld|           temp_46_1_01860_out|       pointer|
|temp_46_0_01859_out         |  out|   32|      ap_vld|           temp_46_0_01859_out|       pointer|
|temp_46_0_01859_out_ap_vld  |  out|    1|      ap_vld|           temp_46_0_01859_out|       pointer|
|temp_45_3_01858_out         |  out|   32|      ap_vld|           temp_45_3_01858_out|       pointer|
|temp_45_3_01858_out_ap_vld  |  out|    1|      ap_vld|           temp_45_3_01858_out|       pointer|
|temp_45_2_01857_out         |  out|   32|      ap_vld|           temp_45_2_01857_out|       pointer|
|temp_45_2_01857_out_ap_vld  |  out|    1|      ap_vld|           temp_45_2_01857_out|       pointer|
|temp_45_1_01856_out         |  out|   32|      ap_vld|           temp_45_1_01856_out|       pointer|
|temp_45_1_01856_out_ap_vld  |  out|    1|      ap_vld|           temp_45_1_01856_out|       pointer|
|temp_45_0_01855_out         |  out|   32|      ap_vld|           temp_45_0_01855_out|       pointer|
|temp_45_0_01855_out_ap_vld  |  out|    1|      ap_vld|           temp_45_0_01855_out|       pointer|
|temp_44_3_01854_out         |  out|   32|      ap_vld|           temp_44_3_01854_out|       pointer|
|temp_44_3_01854_out_ap_vld  |  out|    1|      ap_vld|           temp_44_3_01854_out|       pointer|
|temp_44_2_01853_out         |  out|   32|      ap_vld|           temp_44_2_01853_out|       pointer|
|temp_44_2_01853_out_ap_vld  |  out|    1|      ap_vld|           temp_44_2_01853_out|       pointer|
|temp_44_1_01852_out         |  out|   32|      ap_vld|           temp_44_1_01852_out|       pointer|
|temp_44_1_01852_out_ap_vld  |  out|    1|      ap_vld|           temp_44_1_01852_out|       pointer|
|temp_44_0_01851_out         |  out|   32|      ap_vld|           temp_44_0_01851_out|       pointer|
|temp_44_0_01851_out_ap_vld  |  out|    1|      ap_vld|           temp_44_0_01851_out|       pointer|
|temp_43_3_01850_out         |  out|   32|      ap_vld|           temp_43_3_01850_out|       pointer|
|temp_43_3_01850_out_ap_vld  |  out|    1|      ap_vld|           temp_43_3_01850_out|       pointer|
|temp_43_2_01849_out         |  out|   32|      ap_vld|           temp_43_2_01849_out|       pointer|
|temp_43_2_01849_out_ap_vld  |  out|    1|      ap_vld|           temp_43_2_01849_out|       pointer|
|temp_43_1_01848_out         |  out|   32|      ap_vld|           temp_43_1_01848_out|       pointer|
|temp_43_1_01848_out_ap_vld  |  out|    1|      ap_vld|           temp_43_1_01848_out|       pointer|
|temp_43_0_01847_out         |  out|   32|      ap_vld|           temp_43_0_01847_out|       pointer|
|temp_43_0_01847_out_ap_vld  |  out|    1|      ap_vld|           temp_43_0_01847_out|       pointer|
|temp_42_3_01846_out         |  out|   32|      ap_vld|           temp_42_3_01846_out|       pointer|
|temp_42_3_01846_out_ap_vld  |  out|    1|      ap_vld|           temp_42_3_01846_out|       pointer|
|temp_42_2_01845_out         |  out|   32|      ap_vld|           temp_42_2_01845_out|       pointer|
|temp_42_2_01845_out_ap_vld  |  out|    1|      ap_vld|           temp_42_2_01845_out|       pointer|
|temp_42_1_01844_out         |  out|   32|      ap_vld|           temp_42_1_01844_out|       pointer|
|temp_42_1_01844_out_ap_vld  |  out|    1|      ap_vld|           temp_42_1_01844_out|       pointer|
|temp_42_0_01843_out         |  out|   32|      ap_vld|           temp_42_0_01843_out|       pointer|
|temp_42_0_01843_out_ap_vld  |  out|    1|      ap_vld|           temp_42_0_01843_out|       pointer|
|temp_41_3_01842_out         |  out|   32|      ap_vld|           temp_41_3_01842_out|       pointer|
|temp_41_3_01842_out_ap_vld  |  out|    1|      ap_vld|           temp_41_3_01842_out|       pointer|
|temp_41_2_01841_out         |  out|   32|      ap_vld|           temp_41_2_01841_out|       pointer|
|temp_41_2_01841_out_ap_vld  |  out|    1|      ap_vld|           temp_41_2_01841_out|       pointer|
|temp_41_1_01840_out         |  out|   32|      ap_vld|           temp_41_1_01840_out|       pointer|
|temp_41_1_01840_out_ap_vld  |  out|    1|      ap_vld|           temp_41_1_01840_out|       pointer|
|temp_41_0_01839_out         |  out|   32|      ap_vld|           temp_41_0_01839_out|       pointer|
|temp_41_0_01839_out_ap_vld  |  out|    1|      ap_vld|           temp_41_0_01839_out|       pointer|
|temp_40_3_01838_out         |  out|   32|      ap_vld|           temp_40_3_01838_out|       pointer|
|temp_40_3_01838_out_ap_vld  |  out|    1|      ap_vld|           temp_40_3_01838_out|       pointer|
|temp_40_2_01837_out         |  out|   32|      ap_vld|           temp_40_2_01837_out|       pointer|
|temp_40_2_01837_out_ap_vld  |  out|    1|      ap_vld|           temp_40_2_01837_out|       pointer|
|temp_40_1_01836_out         |  out|   32|      ap_vld|           temp_40_1_01836_out|       pointer|
|temp_40_1_01836_out_ap_vld  |  out|    1|      ap_vld|           temp_40_1_01836_out|       pointer|
|temp_40_0_01835_out         |  out|   32|      ap_vld|           temp_40_0_01835_out|       pointer|
|temp_40_0_01835_out_ap_vld  |  out|    1|      ap_vld|           temp_40_0_01835_out|       pointer|
|temp_39_3_01834_out         |  out|   32|      ap_vld|           temp_39_3_01834_out|       pointer|
|temp_39_3_01834_out_ap_vld  |  out|    1|      ap_vld|           temp_39_3_01834_out|       pointer|
|temp_39_2_01833_out         |  out|   32|      ap_vld|           temp_39_2_01833_out|       pointer|
|temp_39_2_01833_out_ap_vld  |  out|    1|      ap_vld|           temp_39_2_01833_out|       pointer|
|temp_39_1_01832_out         |  out|   32|      ap_vld|           temp_39_1_01832_out|       pointer|
|temp_39_1_01832_out_ap_vld  |  out|    1|      ap_vld|           temp_39_1_01832_out|       pointer|
|temp_39_0_01831_out         |  out|   32|      ap_vld|           temp_39_0_01831_out|       pointer|
|temp_39_0_01831_out_ap_vld  |  out|    1|      ap_vld|           temp_39_0_01831_out|       pointer|
|temp_38_3_01830_out         |  out|   32|      ap_vld|           temp_38_3_01830_out|       pointer|
|temp_38_3_01830_out_ap_vld  |  out|    1|      ap_vld|           temp_38_3_01830_out|       pointer|
|temp_38_2_01829_out         |  out|   32|      ap_vld|           temp_38_2_01829_out|       pointer|
|temp_38_2_01829_out_ap_vld  |  out|    1|      ap_vld|           temp_38_2_01829_out|       pointer|
|temp_38_1_01828_out         |  out|   32|      ap_vld|           temp_38_1_01828_out|       pointer|
|temp_38_1_01828_out_ap_vld  |  out|    1|      ap_vld|           temp_38_1_01828_out|       pointer|
|temp_38_0_01827_out         |  out|   32|      ap_vld|           temp_38_0_01827_out|       pointer|
|temp_38_0_01827_out_ap_vld  |  out|    1|      ap_vld|           temp_38_0_01827_out|       pointer|
|temp_37_3_01826_out         |  out|   32|      ap_vld|           temp_37_3_01826_out|       pointer|
|temp_37_3_01826_out_ap_vld  |  out|    1|      ap_vld|           temp_37_3_01826_out|       pointer|
|temp_37_2_01825_out         |  out|   32|      ap_vld|           temp_37_2_01825_out|       pointer|
|temp_37_2_01825_out_ap_vld  |  out|    1|      ap_vld|           temp_37_2_01825_out|       pointer|
|temp_37_1_01824_out         |  out|   32|      ap_vld|           temp_37_1_01824_out|       pointer|
|temp_37_1_01824_out_ap_vld  |  out|    1|      ap_vld|           temp_37_1_01824_out|       pointer|
|temp_37_0_01823_out         |  out|   32|      ap_vld|           temp_37_0_01823_out|       pointer|
|temp_37_0_01823_out_ap_vld  |  out|    1|      ap_vld|           temp_37_0_01823_out|       pointer|
|temp_36_3_01822_out         |  out|   32|      ap_vld|           temp_36_3_01822_out|       pointer|
|temp_36_3_01822_out_ap_vld  |  out|    1|      ap_vld|           temp_36_3_01822_out|       pointer|
|temp_36_2_01821_out         |  out|   32|      ap_vld|           temp_36_2_01821_out|       pointer|
|temp_36_2_01821_out_ap_vld  |  out|    1|      ap_vld|           temp_36_2_01821_out|       pointer|
|temp_36_1_01820_out         |  out|   32|      ap_vld|           temp_36_1_01820_out|       pointer|
|temp_36_1_01820_out_ap_vld  |  out|    1|      ap_vld|           temp_36_1_01820_out|       pointer|
|temp_36_0_01819_out         |  out|   32|      ap_vld|           temp_36_0_01819_out|       pointer|
|temp_36_0_01819_out_ap_vld  |  out|    1|      ap_vld|           temp_36_0_01819_out|       pointer|
|temp_35_3_01818_out         |  out|   32|      ap_vld|           temp_35_3_01818_out|       pointer|
|temp_35_3_01818_out_ap_vld  |  out|    1|      ap_vld|           temp_35_3_01818_out|       pointer|
|temp_35_2_01817_out         |  out|   32|      ap_vld|           temp_35_2_01817_out|       pointer|
|temp_35_2_01817_out_ap_vld  |  out|    1|      ap_vld|           temp_35_2_01817_out|       pointer|
|temp_35_1_01816_out         |  out|   32|      ap_vld|           temp_35_1_01816_out|       pointer|
|temp_35_1_01816_out_ap_vld  |  out|    1|      ap_vld|           temp_35_1_01816_out|       pointer|
|temp_35_0_01815_out         |  out|   32|      ap_vld|           temp_35_0_01815_out|       pointer|
|temp_35_0_01815_out_ap_vld  |  out|    1|      ap_vld|           temp_35_0_01815_out|       pointer|
|temp_34_3_01814_out         |  out|   32|      ap_vld|           temp_34_3_01814_out|       pointer|
|temp_34_3_01814_out_ap_vld  |  out|    1|      ap_vld|           temp_34_3_01814_out|       pointer|
|temp_34_2_01813_out         |  out|   32|      ap_vld|           temp_34_2_01813_out|       pointer|
|temp_34_2_01813_out_ap_vld  |  out|    1|      ap_vld|           temp_34_2_01813_out|       pointer|
|temp_34_1_01812_out         |  out|   32|      ap_vld|           temp_34_1_01812_out|       pointer|
|temp_34_1_01812_out_ap_vld  |  out|    1|      ap_vld|           temp_34_1_01812_out|       pointer|
|temp_34_0_01811_out         |  out|   32|      ap_vld|           temp_34_0_01811_out|       pointer|
|temp_34_0_01811_out_ap_vld  |  out|    1|      ap_vld|           temp_34_0_01811_out|       pointer|
|temp_33_3_01810_out         |  out|   32|      ap_vld|           temp_33_3_01810_out|       pointer|
|temp_33_3_01810_out_ap_vld  |  out|    1|      ap_vld|           temp_33_3_01810_out|       pointer|
|temp_33_2_01809_out         |  out|   32|      ap_vld|           temp_33_2_01809_out|       pointer|
|temp_33_2_01809_out_ap_vld  |  out|    1|      ap_vld|           temp_33_2_01809_out|       pointer|
|temp_33_1_01808_out         |  out|   32|      ap_vld|           temp_33_1_01808_out|       pointer|
|temp_33_1_01808_out_ap_vld  |  out|    1|      ap_vld|           temp_33_1_01808_out|       pointer|
|temp_33_0_01807_out         |  out|   32|      ap_vld|           temp_33_0_01807_out|       pointer|
|temp_33_0_01807_out_ap_vld  |  out|    1|      ap_vld|           temp_33_0_01807_out|       pointer|
|temp_32_3_01806_out         |  out|   32|      ap_vld|           temp_32_3_01806_out|       pointer|
|temp_32_3_01806_out_ap_vld  |  out|    1|      ap_vld|           temp_32_3_01806_out|       pointer|
|temp_32_2_01805_out         |  out|   32|      ap_vld|           temp_32_2_01805_out|       pointer|
|temp_32_2_01805_out_ap_vld  |  out|    1|      ap_vld|           temp_32_2_01805_out|       pointer|
|temp_32_1_01804_out         |  out|   32|      ap_vld|           temp_32_1_01804_out|       pointer|
|temp_32_1_01804_out_ap_vld  |  out|    1|      ap_vld|           temp_32_1_01804_out|       pointer|
|temp_32_0_01803_out         |  out|   32|      ap_vld|           temp_32_0_01803_out|       pointer|
|temp_32_0_01803_out_ap_vld  |  out|    1|      ap_vld|           temp_32_0_01803_out|       pointer|
|temp_31_3_01802_out         |  out|   32|      ap_vld|           temp_31_3_01802_out|       pointer|
|temp_31_3_01802_out_ap_vld  |  out|    1|      ap_vld|           temp_31_3_01802_out|       pointer|
|temp_31_2_01801_out         |  out|   32|      ap_vld|           temp_31_2_01801_out|       pointer|
|temp_31_2_01801_out_ap_vld  |  out|    1|      ap_vld|           temp_31_2_01801_out|       pointer|
|temp_31_1_01800_out         |  out|   32|      ap_vld|           temp_31_1_01800_out|       pointer|
|temp_31_1_01800_out_ap_vld  |  out|    1|      ap_vld|           temp_31_1_01800_out|       pointer|
|temp_31_0_01799_out         |  out|   32|      ap_vld|           temp_31_0_01799_out|       pointer|
|temp_31_0_01799_out_ap_vld  |  out|    1|      ap_vld|           temp_31_0_01799_out|       pointer|
|temp_30_3_01798_out         |  out|   32|      ap_vld|           temp_30_3_01798_out|       pointer|
|temp_30_3_01798_out_ap_vld  |  out|    1|      ap_vld|           temp_30_3_01798_out|       pointer|
|temp_30_2_01797_out         |  out|   32|      ap_vld|           temp_30_2_01797_out|       pointer|
|temp_30_2_01797_out_ap_vld  |  out|    1|      ap_vld|           temp_30_2_01797_out|       pointer|
|temp_30_1_01796_out         |  out|   32|      ap_vld|           temp_30_1_01796_out|       pointer|
|temp_30_1_01796_out_ap_vld  |  out|    1|      ap_vld|           temp_30_1_01796_out|       pointer|
|temp_30_0_01795_out         |  out|   32|      ap_vld|           temp_30_0_01795_out|       pointer|
|temp_30_0_01795_out_ap_vld  |  out|    1|      ap_vld|           temp_30_0_01795_out|       pointer|
|temp_29_3_01794_out         |  out|   32|      ap_vld|           temp_29_3_01794_out|       pointer|
|temp_29_3_01794_out_ap_vld  |  out|    1|      ap_vld|           temp_29_3_01794_out|       pointer|
|temp_29_2_01793_out         |  out|   32|      ap_vld|           temp_29_2_01793_out|       pointer|
|temp_29_2_01793_out_ap_vld  |  out|    1|      ap_vld|           temp_29_2_01793_out|       pointer|
|temp_29_1_01792_out         |  out|   32|      ap_vld|           temp_29_1_01792_out|       pointer|
|temp_29_1_01792_out_ap_vld  |  out|    1|      ap_vld|           temp_29_1_01792_out|       pointer|
|temp_29_0_01791_out         |  out|   32|      ap_vld|           temp_29_0_01791_out|       pointer|
|temp_29_0_01791_out_ap_vld  |  out|    1|      ap_vld|           temp_29_0_01791_out|       pointer|
|temp_28_3_01790_out         |  out|   32|      ap_vld|           temp_28_3_01790_out|       pointer|
|temp_28_3_01790_out_ap_vld  |  out|    1|      ap_vld|           temp_28_3_01790_out|       pointer|
|temp_28_2_01789_out         |  out|   32|      ap_vld|           temp_28_2_01789_out|       pointer|
|temp_28_2_01789_out_ap_vld  |  out|    1|      ap_vld|           temp_28_2_01789_out|       pointer|
|temp_28_1_01788_out         |  out|   32|      ap_vld|           temp_28_1_01788_out|       pointer|
|temp_28_1_01788_out_ap_vld  |  out|    1|      ap_vld|           temp_28_1_01788_out|       pointer|
|temp_28_0_01787_out         |  out|   32|      ap_vld|           temp_28_0_01787_out|       pointer|
|temp_28_0_01787_out_ap_vld  |  out|    1|      ap_vld|           temp_28_0_01787_out|       pointer|
|temp_27_3_01786_out         |  out|   32|      ap_vld|           temp_27_3_01786_out|       pointer|
|temp_27_3_01786_out_ap_vld  |  out|    1|      ap_vld|           temp_27_3_01786_out|       pointer|
|temp_27_2_01785_out         |  out|   32|      ap_vld|           temp_27_2_01785_out|       pointer|
|temp_27_2_01785_out_ap_vld  |  out|    1|      ap_vld|           temp_27_2_01785_out|       pointer|
|temp_27_1_01784_out         |  out|   32|      ap_vld|           temp_27_1_01784_out|       pointer|
|temp_27_1_01784_out_ap_vld  |  out|    1|      ap_vld|           temp_27_1_01784_out|       pointer|
|temp_27_0_01783_out         |  out|   32|      ap_vld|           temp_27_0_01783_out|       pointer|
|temp_27_0_01783_out_ap_vld  |  out|    1|      ap_vld|           temp_27_0_01783_out|       pointer|
|temp_26_3_01782_out         |  out|   32|      ap_vld|           temp_26_3_01782_out|       pointer|
|temp_26_3_01782_out_ap_vld  |  out|    1|      ap_vld|           temp_26_3_01782_out|       pointer|
|temp_26_2_01781_out         |  out|   32|      ap_vld|           temp_26_2_01781_out|       pointer|
|temp_26_2_01781_out_ap_vld  |  out|    1|      ap_vld|           temp_26_2_01781_out|       pointer|
|temp_26_1_01780_out         |  out|   32|      ap_vld|           temp_26_1_01780_out|       pointer|
|temp_26_1_01780_out_ap_vld  |  out|    1|      ap_vld|           temp_26_1_01780_out|       pointer|
|temp_26_0_01779_out         |  out|   32|      ap_vld|           temp_26_0_01779_out|       pointer|
|temp_26_0_01779_out_ap_vld  |  out|    1|      ap_vld|           temp_26_0_01779_out|       pointer|
|temp_25_3_01778_out         |  out|   32|      ap_vld|           temp_25_3_01778_out|       pointer|
|temp_25_3_01778_out_ap_vld  |  out|    1|      ap_vld|           temp_25_3_01778_out|       pointer|
|temp_25_2_01777_out         |  out|   32|      ap_vld|           temp_25_2_01777_out|       pointer|
|temp_25_2_01777_out_ap_vld  |  out|    1|      ap_vld|           temp_25_2_01777_out|       pointer|
|temp_25_1_01776_out         |  out|   32|      ap_vld|           temp_25_1_01776_out|       pointer|
|temp_25_1_01776_out_ap_vld  |  out|    1|      ap_vld|           temp_25_1_01776_out|       pointer|
|temp_25_0_01775_out         |  out|   32|      ap_vld|           temp_25_0_01775_out|       pointer|
|temp_25_0_01775_out_ap_vld  |  out|    1|      ap_vld|           temp_25_0_01775_out|       pointer|
|temp_24_3_01774_out         |  out|   32|      ap_vld|           temp_24_3_01774_out|       pointer|
|temp_24_3_01774_out_ap_vld  |  out|    1|      ap_vld|           temp_24_3_01774_out|       pointer|
|temp_24_2_01773_out         |  out|   32|      ap_vld|           temp_24_2_01773_out|       pointer|
|temp_24_2_01773_out_ap_vld  |  out|    1|      ap_vld|           temp_24_2_01773_out|       pointer|
|temp_24_1_01772_out         |  out|   32|      ap_vld|           temp_24_1_01772_out|       pointer|
|temp_24_1_01772_out_ap_vld  |  out|    1|      ap_vld|           temp_24_1_01772_out|       pointer|
|temp_24_0_01771_out         |  out|   32|      ap_vld|           temp_24_0_01771_out|       pointer|
|temp_24_0_01771_out_ap_vld  |  out|    1|      ap_vld|           temp_24_0_01771_out|       pointer|
|temp_23_3_01770_out         |  out|   32|      ap_vld|           temp_23_3_01770_out|       pointer|
|temp_23_3_01770_out_ap_vld  |  out|    1|      ap_vld|           temp_23_3_01770_out|       pointer|
|temp_23_2_01769_out         |  out|   32|      ap_vld|           temp_23_2_01769_out|       pointer|
|temp_23_2_01769_out_ap_vld  |  out|    1|      ap_vld|           temp_23_2_01769_out|       pointer|
|temp_23_1_01768_out         |  out|   32|      ap_vld|           temp_23_1_01768_out|       pointer|
|temp_23_1_01768_out_ap_vld  |  out|    1|      ap_vld|           temp_23_1_01768_out|       pointer|
|temp_23_0_01767_out         |  out|   32|      ap_vld|           temp_23_0_01767_out|       pointer|
|temp_23_0_01767_out_ap_vld  |  out|    1|      ap_vld|           temp_23_0_01767_out|       pointer|
|temp_22_3_01766_out         |  out|   32|      ap_vld|           temp_22_3_01766_out|       pointer|
|temp_22_3_01766_out_ap_vld  |  out|    1|      ap_vld|           temp_22_3_01766_out|       pointer|
|temp_22_2_01765_out         |  out|   32|      ap_vld|           temp_22_2_01765_out|       pointer|
|temp_22_2_01765_out_ap_vld  |  out|    1|      ap_vld|           temp_22_2_01765_out|       pointer|
|temp_22_1_01764_out         |  out|   32|      ap_vld|           temp_22_1_01764_out|       pointer|
|temp_22_1_01764_out_ap_vld  |  out|    1|      ap_vld|           temp_22_1_01764_out|       pointer|
|temp_22_0_01763_out         |  out|   32|      ap_vld|           temp_22_0_01763_out|       pointer|
|temp_22_0_01763_out_ap_vld  |  out|    1|      ap_vld|           temp_22_0_01763_out|       pointer|
|temp_21_3_01762_out         |  out|   32|      ap_vld|           temp_21_3_01762_out|       pointer|
|temp_21_3_01762_out_ap_vld  |  out|    1|      ap_vld|           temp_21_3_01762_out|       pointer|
|temp_21_2_01761_out         |  out|   32|      ap_vld|           temp_21_2_01761_out|       pointer|
|temp_21_2_01761_out_ap_vld  |  out|    1|      ap_vld|           temp_21_2_01761_out|       pointer|
|temp_21_1_01760_out         |  out|   32|      ap_vld|           temp_21_1_01760_out|       pointer|
|temp_21_1_01760_out_ap_vld  |  out|    1|      ap_vld|           temp_21_1_01760_out|       pointer|
|temp_21_0_01759_out         |  out|   32|      ap_vld|           temp_21_0_01759_out|       pointer|
|temp_21_0_01759_out_ap_vld  |  out|    1|      ap_vld|           temp_21_0_01759_out|       pointer|
|temp_20_3_01758_out         |  out|   32|      ap_vld|           temp_20_3_01758_out|       pointer|
|temp_20_3_01758_out_ap_vld  |  out|    1|      ap_vld|           temp_20_3_01758_out|       pointer|
|temp_20_2_01757_out         |  out|   32|      ap_vld|           temp_20_2_01757_out|       pointer|
|temp_20_2_01757_out_ap_vld  |  out|    1|      ap_vld|           temp_20_2_01757_out|       pointer|
|temp_20_1_01756_out         |  out|   32|      ap_vld|           temp_20_1_01756_out|       pointer|
|temp_20_1_01756_out_ap_vld  |  out|    1|      ap_vld|           temp_20_1_01756_out|       pointer|
|temp_20_0_01755_out         |  out|   32|      ap_vld|           temp_20_0_01755_out|       pointer|
|temp_20_0_01755_out_ap_vld  |  out|    1|      ap_vld|           temp_20_0_01755_out|       pointer|
|temp_19_3_01754_out         |  out|   32|      ap_vld|           temp_19_3_01754_out|       pointer|
|temp_19_3_01754_out_ap_vld  |  out|    1|      ap_vld|           temp_19_3_01754_out|       pointer|
|temp_19_2_01753_out         |  out|   32|      ap_vld|           temp_19_2_01753_out|       pointer|
|temp_19_2_01753_out_ap_vld  |  out|    1|      ap_vld|           temp_19_2_01753_out|       pointer|
|temp_19_1_01752_out         |  out|   32|      ap_vld|           temp_19_1_01752_out|       pointer|
|temp_19_1_01752_out_ap_vld  |  out|    1|      ap_vld|           temp_19_1_01752_out|       pointer|
|temp_19_0_01751_out         |  out|   32|      ap_vld|           temp_19_0_01751_out|       pointer|
|temp_19_0_01751_out_ap_vld  |  out|    1|      ap_vld|           temp_19_0_01751_out|       pointer|
|temp_18_3_01750_out         |  out|   32|      ap_vld|           temp_18_3_01750_out|       pointer|
|temp_18_3_01750_out_ap_vld  |  out|    1|      ap_vld|           temp_18_3_01750_out|       pointer|
|temp_18_2_01749_out         |  out|   32|      ap_vld|           temp_18_2_01749_out|       pointer|
|temp_18_2_01749_out_ap_vld  |  out|    1|      ap_vld|           temp_18_2_01749_out|       pointer|
|temp_18_1_01748_out         |  out|   32|      ap_vld|           temp_18_1_01748_out|       pointer|
|temp_18_1_01748_out_ap_vld  |  out|    1|      ap_vld|           temp_18_1_01748_out|       pointer|
|temp_18_0_01747_out         |  out|   32|      ap_vld|           temp_18_0_01747_out|       pointer|
|temp_18_0_01747_out_ap_vld  |  out|    1|      ap_vld|           temp_18_0_01747_out|       pointer|
|temp_17_3_01746_out         |  out|   32|      ap_vld|           temp_17_3_01746_out|       pointer|
|temp_17_3_01746_out_ap_vld  |  out|    1|      ap_vld|           temp_17_3_01746_out|       pointer|
|temp_17_2_01745_out         |  out|   32|      ap_vld|           temp_17_2_01745_out|       pointer|
|temp_17_2_01745_out_ap_vld  |  out|    1|      ap_vld|           temp_17_2_01745_out|       pointer|
|temp_17_1_01744_out         |  out|   32|      ap_vld|           temp_17_1_01744_out|       pointer|
|temp_17_1_01744_out_ap_vld  |  out|    1|      ap_vld|           temp_17_1_01744_out|       pointer|
|temp_17_0_01743_out         |  out|   32|      ap_vld|           temp_17_0_01743_out|       pointer|
|temp_17_0_01743_out_ap_vld  |  out|    1|      ap_vld|           temp_17_0_01743_out|       pointer|
|temp_16_3_01742_out         |  out|   32|      ap_vld|           temp_16_3_01742_out|       pointer|
|temp_16_3_01742_out_ap_vld  |  out|    1|      ap_vld|           temp_16_3_01742_out|       pointer|
|temp_16_2_01741_out         |  out|   32|      ap_vld|           temp_16_2_01741_out|       pointer|
|temp_16_2_01741_out_ap_vld  |  out|    1|      ap_vld|           temp_16_2_01741_out|       pointer|
|temp_16_1_01740_out         |  out|   32|      ap_vld|           temp_16_1_01740_out|       pointer|
|temp_16_1_01740_out_ap_vld  |  out|    1|      ap_vld|           temp_16_1_01740_out|       pointer|
|temp_16_0_01739_out         |  out|   32|      ap_vld|           temp_16_0_01739_out|       pointer|
|temp_16_0_01739_out_ap_vld  |  out|    1|      ap_vld|           temp_16_0_01739_out|       pointer|
|temp_15_3_01738_out         |  out|   32|      ap_vld|           temp_15_3_01738_out|       pointer|
|temp_15_3_01738_out_ap_vld  |  out|    1|      ap_vld|           temp_15_3_01738_out|       pointer|
|temp_15_2_01737_out         |  out|   32|      ap_vld|           temp_15_2_01737_out|       pointer|
|temp_15_2_01737_out_ap_vld  |  out|    1|      ap_vld|           temp_15_2_01737_out|       pointer|
|temp_15_1_01736_out         |  out|   32|      ap_vld|           temp_15_1_01736_out|       pointer|
|temp_15_1_01736_out_ap_vld  |  out|    1|      ap_vld|           temp_15_1_01736_out|       pointer|
|temp_15_0_01735_out         |  out|   32|      ap_vld|           temp_15_0_01735_out|       pointer|
|temp_15_0_01735_out_ap_vld  |  out|    1|      ap_vld|           temp_15_0_01735_out|       pointer|
|temp_14_3_01734_out         |  out|   32|      ap_vld|           temp_14_3_01734_out|       pointer|
|temp_14_3_01734_out_ap_vld  |  out|    1|      ap_vld|           temp_14_3_01734_out|       pointer|
|temp_14_2_01733_out         |  out|   32|      ap_vld|           temp_14_2_01733_out|       pointer|
|temp_14_2_01733_out_ap_vld  |  out|    1|      ap_vld|           temp_14_2_01733_out|       pointer|
|temp_14_1_01732_out         |  out|   32|      ap_vld|           temp_14_1_01732_out|       pointer|
|temp_14_1_01732_out_ap_vld  |  out|    1|      ap_vld|           temp_14_1_01732_out|       pointer|
|temp_14_0_01731_out         |  out|   32|      ap_vld|           temp_14_0_01731_out|       pointer|
|temp_14_0_01731_out_ap_vld  |  out|    1|      ap_vld|           temp_14_0_01731_out|       pointer|
|temp_13_3_01730_out         |  out|   32|      ap_vld|           temp_13_3_01730_out|       pointer|
|temp_13_3_01730_out_ap_vld  |  out|    1|      ap_vld|           temp_13_3_01730_out|       pointer|
|temp_13_2_01729_out         |  out|   32|      ap_vld|           temp_13_2_01729_out|       pointer|
|temp_13_2_01729_out_ap_vld  |  out|    1|      ap_vld|           temp_13_2_01729_out|       pointer|
|temp_13_1_01728_out         |  out|   32|      ap_vld|           temp_13_1_01728_out|       pointer|
|temp_13_1_01728_out_ap_vld  |  out|    1|      ap_vld|           temp_13_1_01728_out|       pointer|
|temp_13_0_01727_out         |  out|   32|      ap_vld|           temp_13_0_01727_out|       pointer|
|temp_13_0_01727_out_ap_vld  |  out|    1|      ap_vld|           temp_13_0_01727_out|       pointer|
|temp_12_3_01726_out         |  out|   32|      ap_vld|           temp_12_3_01726_out|       pointer|
|temp_12_3_01726_out_ap_vld  |  out|    1|      ap_vld|           temp_12_3_01726_out|       pointer|
|temp_12_2_01725_out         |  out|   32|      ap_vld|           temp_12_2_01725_out|       pointer|
|temp_12_2_01725_out_ap_vld  |  out|    1|      ap_vld|           temp_12_2_01725_out|       pointer|
|temp_12_1_01724_out         |  out|   32|      ap_vld|           temp_12_1_01724_out|       pointer|
|temp_12_1_01724_out_ap_vld  |  out|    1|      ap_vld|           temp_12_1_01724_out|       pointer|
|temp_12_0_01723_out         |  out|   32|      ap_vld|           temp_12_0_01723_out|       pointer|
|temp_12_0_01723_out_ap_vld  |  out|    1|      ap_vld|           temp_12_0_01723_out|       pointer|
|temp_11_3_01722_out         |  out|   32|      ap_vld|           temp_11_3_01722_out|       pointer|
|temp_11_3_01722_out_ap_vld  |  out|    1|      ap_vld|           temp_11_3_01722_out|       pointer|
|temp_11_2_01721_out         |  out|   32|      ap_vld|           temp_11_2_01721_out|       pointer|
|temp_11_2_01721_out_ap_vld  |  out|    1|      ap_vld|           temp_11_2_01721_out|       pointer|
|temp_11_1_01720_out         |  out|   32|      ap_vld|           temp_11_1_01720_out|       pointer|
|temp_11_1_01720_out_ap_vld  |  out|    1|      ap_vld|           temp_11_1_01720_out|       pointer|
|temp_11_0_01719_out         |  out|   32|      ap_vld|           temp_11_0_01719_out|       pointer|
|temp_11_0_01719_out_ap_vld  |  out|    1|      ap_vld|           temp_11_0_01719_out|       pointer|
|temp_10_3_01718_out         |  out|   32|      ap_vld|           temp_10_3_01718_out|       pointer|
|temp_10_3_01718_out_ap_vld  |  out|    1|      ap_vld|           temp_10_3_01718_out|       pointer|
|temp_10_2_01717_out         |  out|   32|      ap_vld|           temp_10_2_01717_out|       pointer|
|temp_10_2_01717_out_ap_vld  |  out|    1|      ap_vld|           temp_10_2_01717_out|       pointer|
|temp_10_1_01716_out         |  out|   32|      ap_vld|           temp_10_1_01716_out|       pointer|
|temp_10_1_01716_out_ap_vld  |  out|    1|      ap_vld|           temp_10_1_01716_out|       pointer|
|temp_10_0_01715_out         |  out|   32|      ap_vld|           temp_10_0_01715_out|       pointer|
|temp_10_0_01715_out_ap_vld  |  out|    1|      ap_vld|           temp_10_0_01715_out|       pointer|
|temp_9_3_01714_out          |  out|   32|      ap_vld|            temp_9_3_01714_out|       pointer|
|temp_9_3_01714_out_ap_vld   |  out|    1|      ap_vld|            temp_9_3_01714_out|       pointer|
|temp_9_2_01713_out          |  out|   32|      ap_vld|            temp_9_2_01713_out|       pointer|
|temp_9_2_01713_out_ap_vld   |  out|    1|      ap_vld|            temp_9_2_01713_out|       pointer|
|temp_9_1_01712_out          |  out|   32|      ap_vld|            temp_9_1_01712_out|       pointer|
|temp_9_1_01712_out_ap_vld   |  out|    1|      ap_vld|            temp_9_1_01712_out|       pointer|
|temp_9_0_01711_out          |  out|   32|      ap_vld|            temp_9_0_01711_out|       pointer|
|temp_9_0_01711_out_ap_vld   |  out|    1|      ap_vld|            temp_9_0_01711_out|       pointer|
|temp_8_3_01710_out          |  out|   32|      ap_vld|            temp_8_3_01710_out|       pointer|
|temp_8_3_01710_out_ap_vld   |  out|    1|      ap_vld|            temp_8_3_01710_out|       pointer|
|temp_8_2_01709_out          |  out|   32|      ap_vld|            temp_8_2_01709_out|       pointer|
|temp_8_2_01709_out_ap_vld   |  out|    1|      ap_vld|            temp_8_2_01709_out|       pointer|
|temp_8_1_01708_out          |  out|   32|      ap_vld|            temp_8_1_01708_out|       pointer|
|temp_8_1_01708_out_ap_vld   |  out|    1|      ap_vld|            temp_8_1_01708_out|       pointer|
|temp_8_0_01707_out          |  out|   32|      ap_vld|            temp_8_0_01707_out|       pointer|
|temp_8_0_01707_out_ap_vld   |  out|    1|      ap_vld|            temp_8_0_01707_out|       pointer|
|temp_7_3_01706_out          |  out|   32|      ap_vld|            temp_7_3_01706_out|       pointer|
|temp_7_3_01706_out_ap_vld   |  out|    1|      ap_vld|            temp_7_3_01706_out|       pointer|
|temp_7_2_01705_out          |  out|   32|      ap_vld|            temp_7_2_01705_out|       pointer|
|temp_7_2_01705_out_ap_vld   |  out|    1|      ap_vld|            temp_7_2_01705_out|       pointer|
|temp_7_1_01704_out          |  out|   32|      ap_vld|            temp_7_1_01704_out|       pointer|
|temp_7_1_01704_out_ap_vld   |  out|    1|      ap_vld|            temp_7_1_01704_out|       pointer|
|temp_7_0_01703_out          |  out|   32|      ap_vld|            temp_7_0_01703_out|       pointer|
|temp_7_0_01703_out_ap_vld   |  out|    1|      ap_vld|            temp_7_0_01703_out|       pointer|
|temp_6_3_01702_out          |  out|   32|      ap_vld|            temp_6_3_01702_out|       pointer|
|temp_6_3_01702_out_ap_vld   |  out|    1|      ap_vld|            temp_6_3_01702_out|       pointer|
|temp_6_2_01701_out          |  out|   32|      ap_vld|            temp_6_2_01701_out|       pointer|
|temp_6_2_01701_out_ap_vld   |  out|    1|      ap_vld|            temp_6_2_01701_out|       pointer|
|temp_6_1_01700_out          |  out|   32|      ap_vld|            temp_6_1_01700_out|       pointer|
|temp_6_1_01700_out_ap_vld   |  out|    1|      ap_vld|            temp_6_1_01700_out|       pointer|
|temp_6_0_01699_out          |  out|   32|      ap_vld|            temp_6_0_01699_out|       pointer|
|temp_6_0_01699_out_ap_vld   |  out|    1|      ap_vld|            temp_6_0_01699_out|       pointer|
|temp_5_3_01698_out          |  out|   32|      ap_vld|            temp_5_3_01698_out|       pointer|
|temp_5_3_01698_out_ap_vld   |  out|    1|      ap_vld|            temp_5_3_01698_out|       pointer|
|temp_5_2_01697_out          |  out|   32|      ap_vld|            temp_5_2_01697_out|       pointer|
|temp_5_2_01697_out_ap_vld   |  out|    1|      ap_vld|            temp_5_2_01697_out|       pointer|
|temp_5_1_01696_out          |  out|   32|      ap_vld|            temp_5_1_01696_out|       pointer|
|temp_5_1_01696_out_ap_vld   |  out|    1|      ap_vld|            temp_5_1_01696_out|       pointer|
|temp_5_0_01695_out          |  out|   32|      ap_vld|            temp_5_0_01695_out|       pointer|
|temp_5_0_01695_out_ap_vld   |  out|    1|      ap_vld|            temp_5_0_01695_out|       pointer|
|temp_4_3_01694_out          |  out|   32|      ap_vld|            temp_4_3_01694_out|       pointer|
|temp_4_3_01694_out_ap_vld   |  out|    1|      ap_vld|            temp_4_3_01694_out|       pointer|
|temp_4_2_01693_out          |  out|   32|      ap_vld|            temp_4_2_01693_out|       pointer|
|temp_4_2_01693_out_ap_vld   |  out|    1|      ap_vld|            temp_4_2_01693_out|       pointer|
|temp_4_1_01692_out          |  out|   32|      ap_vld|            temp_4_1_01692_out|       pointer|
|temp_4_1_01692_out_ap_vld   |  out|    1|      ap_vld|            temp_4_1_01692_out|       pointer|
|temp_4_0_01691_out          |  out|   32|      ap_vld|            temp_4_0_01691_out|       pointer|
|temp_4_0_01691_out_ap_vld   |  out|    1|      ap_vld|            temp_4_0_01691_out|       pointer|
|temp_3_3_01690_out          |  out|   32|      ap_vld|            temp_3_3_01690_out|       pointer|
|temp_3_3_01690_out_ap_vld   |  out|    1|      ap_vld|            temp_3_3_01690_out|       pointer|
|temp_3_2_01689_out          |  out|   32|      ap_vld|            temp_3_2_01689_out|       pointer|
|temp_3_2_01689_out_ap_vld   |  out|    1|      ap_vld|            temp_3_2_01689_out|       pointer|
|temp_3_1_01688_out          |  out|   32|      ap_vld|            temp_3_1_01688_out|       pointer|
|temp_3_1_01688_out_ap_vld   |  out|    1|      ap_vld|            temp_3_1_01688_out|       pointer|
|temp_3_0_01687_out          |  out|   32|      ap_vld|            temp_3_0_01687_out|       pointer|
|temp_3_0_01687_out_ap_vld   |  out|    1|      ap_vld|            temp_3_0_01687_out|       pointer|
|temp_2_3_01686_out          |  out|   32|      ap_vld|            temp_2_3_01686_out|       pointer|
|temp_2_3_01686_out_ap_vld   |  out|    1|      ap_vld|            temp_2_3_01686_out|       pointer|
|temp_2_2_01685_out          |  out|   32|      ap_vld|            temp_2_2_01685_out|       pointer|
|temp_2_2_01685_out_ap_vld   |  out|    1|      ap_vld|            temp_2_2_01685_out|       pointer|
|temp_2_1_01684_out          |  out|   32|      ap_vld|            temp_2_1_01684_out|       pointer|
|temp_2_1_01684_out_ap_vld   |  out|    1|      ap_vld|            temp_2_1_01684_out|       pointer|
|temp_2_0_01683_out          |  out|   32|      ap_vld|            temp_2_0_01683_out|       pointer|
|temp_2_0_01683_out_ap_vld   |  out|    1|      ap_vld|            temp_2_0_01683_out|       pointer|
|temp_1_3_01682_out          |  out|   32|      ap_vld|            temp_1_3_01682_out|       pointer|
|temp_1_3_01682_out_ap_vld   |  out|    1|      ap_vld|            temp_1_3_01682_out|       pointer|
|temp_1_2_01681_out          |  out|   32|      ap_vld|            temp_1_2_01681_out|       pointer|
|temp_1_2_01681_out_ap_vld   |  out|    1|      ap_vld|            temp_1_2_01681_out|       pointer|
|temp_1_1_01680_out          |  out|   32|      ap_vld|            temp_1_1_01680_out|       pointer|
|temp_1_1_01680_out_ap_vld   |  out|    1|      ap_vld|            temp_1_1_01680_out|       pointer|
|temp_1_0_01679_out          |  out|   32|      ap_vld|            temp_1_0_01679_out|       pointer|
|temp_1_0_01679_out_ap_vld   |  out|    1|      ap_vld|            temp_1_0_01679_out|       pointer|
|temp_312_01678_out          |  out|   32|      ap_vld|            temp_312_01678_out|       pointer|
|temp_312_01678_out_ap_vld   |  out|    1|      ap_vld|            temp_312_01678_out|       pointer|
|temp_211_01677_out          |  out|   32|      ap_vld|            temp_211_01677_out|       pointer|
|temp_211_01677_out_ap_vld   |  out|    1|      ap_vld|            temp_211_01677_out|       pointer|
|temp_110_01676_out          |  out|   32|      ap_vld|            temp_110_01676_out|       pointer|
|temp_110_01676_out_ap_vld   |  out|    1|      ap_vld|            temp_110_01676_out|       pointer|
|temp_0_01675_out            |  out|   32|      ap_vld|              temp_0_01675_out|       pointer|
|temp_0_01675_out_ap_vld     |  out|    1|      ap_vld|              temp_0_01675_out|       pointer|
+----------------------------+-----+-----+------------+------------------------------+--------------+

